
---
events:
  -
    kind: "message-v1"
    backtrace:
      - "C:/Program Files/Microsoft Visual Studio/2022/Community/Common7/IDE/CommonExtensions/Microsoft/CMake/CMake/share/cmake-3.31/Modules/CMakeDetermineSystem.cmake:205 (message)"
      - "CMakeLists.txt:2 (project)"
    message: |
      The system is: Windows - 10.0.26100 - AMD64
  -
    kind: "message-v1"
    backtrace:
      - "C:/Program Files/Microsoft Visual Studio/2022/Community/Common7/IDE/CommonExtensions/Microsoft/CMake/CMake/share/cmake-3.31/Modules/CMakeDetermineCompilerId.cmake:17 (message)"
      - "C:/Program Files/Microsoft Visual Studio/2022/Community/Common7/IDE/CommonExtensions/Microsoft/CMake/CMake/share/cmake-3.31/Modules/CMakeDetermineCompilerId.cmake:64 (__determine_compiler_id_test)"
      - "C:/Program Files/Microsoft Visual Studio/2022/Community/Common7/IDE/CommonExtensions/Microsoft/CMake/CMake/share/cmake-3.31/Modules/CMakeDetermineCCompiler.cmake:123 (CMAKE_DETERMINE_COMPILER_ID)"
      - "CMakeLists.txt:2 (project)"
    message: |
      Compiling the C compiler identification source file "CMakeCCompilerId.c" succeeded.
      Compiler: C:/Program Files/Microsoft Visual Studio/2022/Community/VC/Tools/MSVC/14.44.35207/bin/Hostx64/x64/cl.exe 
      Build flags: /nologo;/DWIN32;/D_WINDOWS;/utf-8;/MP
      Id flags:  
      
      The output was:
      0
      CMakeCCompilerId.c
      
      
      Compilation of the C compiler identification source "CMakeCCompilerId.c" produced "CMakeCCompilerId.exe"
      
      Compilation of the C compiler identification source "CMakeCCompilerId.c" produced "CMakeCCompilerId.obj"
      
      The C compiler identification is MSVC, found in:
        C:/Users/bahar/Programming/.cpp/Projects/Ping Pong/vcpkg_installed/vcpkg/blds/libogg/x64-windows-dbg/CMakeFiles/3.31.6-msvc6/CompilerIdC/CMakeCCompilerId.exe
      
  -
    kind: "message-v1"
    backtrace:
      - "C:/Program Files/Microsoft Visual Studio/2022/Community/Common7/IDE/CommonExtensions/Microsoft/CMake/CMake/share/cmake-3.31/Modules/CMakeDetermineCompilerId.cmake:1288 (message)"
      - "C:/Program Files/Microsoft Visual Studio/2022/Community/Common7/IDE/CommonExtensions/Microsoft/CMake/CMake/share/cmake-3.31/Modules/CMakeDetermineCompilerId.cmake:250 (CMAKE_DETERMINE_MSVC_SHOWINCLUDES_PREFIX)"
      - "C:/Program Files/Microsoft Visual Studio/2022/Community/Common7/IDE/CommonExtensions/Microsoft/CMake/CMake/share/cmake-3.31/Modules/CMakeDetermineCCompiler.cmake:123 (CMAKE_DETERMINE_COMPILER_ID)"
      - "CMakeLists.txt:2 (project)"
    message: |
      Detecting C compiler /showIncludes prefix:
        main.c
        Примечание: включение файла:  C:\\Users\\bahar\\Programming\\.cpp\\Projects\\Ping Pong\\vcpkg_installed\\vcpkg\\blds\\libogg\\x64-windows-dbg\\CMakeFiles\\ShowIncludes\\foo.h
        
      Found prefix "Примечание: включение файла:  "
  -
    kind: "message-v1"
    backtrace:
      - "C:/Program Files/Microsoft Visual Studio/2022/Community/Common7/IDE/CommonExtensions/Microsoft/CMake/CMake/share/cmake-3.31/Modules/CMakeDetermineCompilerId.cmake:17 (message)"
      - "C:/Program Files/Microsoft Visual Studio/2022/Community/Common7/IDE/CommonExtensions/Microsoft/CMake/CMake/share/cmake-3.31/Modules/CMakeDetermineCompilerId.cmake:64 (__determine_compiler_id_test)"
      - "C:/Program Files/Microsoft Visual Studio/2022/Community/Common7/IDE/CommonExtensions/Microsoft/CMake/CMake/share/cmake-3.31/Modules/CMakeDetermineCXXCompiler.cmake:126 (CMAKE_DETERMINE_COMPILER_ID)"
      - "CMakeLists.txt:2 (project)"
    message: |
      Compiling the CXX compiler identification source file "CMakeCXXCompilerId.cpp" succeeded.
      Compiler: C:/Program Files/Microsoft Visual Studio/2022/Community/VC/Tools/MSVC/14.44.35207/bin/Hostx64/x64/cl.exe 
      Build flags: /nologo;/DWIN32;/D_WINDOWS;/utf-8;/GR;/EHsc;/MP
      Id flags:  
      
      The output was:
      0
      CMakeCXXCompilerId.cpp
      
      
      Compilation of the CXX compiler identification source "CMakeCXXCompilerId.cpp" produced "CMakeCXXCompilerId.exe"
      
      Compilation of the CXX compiler identification source "CMakeCXXCompilerId.cpp" produced "CMakeCXXCompilerId.obj"
      
      The CXX compiler identification is MSVC, found in:
        C:/Users/bahar/Programming/.cpp/Projects/Ping Pong/vcpkg_installed/vcpkg/blds/libogg/x64-windows-dbg/CMakeFiles/3.31.6-msvc6/CompilerIdCXX/CMakeCXXCompilerId.exe
      
  -
    kind: "message-v1"
    backtrace:
      - "C:/Program Files/Microsoft Visual Studio/2022/Community/Common7/IDE/CommonExtensions/Microsoft/CMake/CMake/share/cmake-3.31/Modules/CMakeDetermineCompilerId.cmake:1288 (message)"
      - "C:/Program Files/Microsoft Visual Studio/2022/Community/Common7/IDE/CommonExtensions/Microsoft/CMake/CMake/share/cmake-3.31/Modules/CMakeDetermineCompilerId.cmake:250 (CMAKE_DETERMINE_MSVC_SHOWINCLUDES_PREFIX)"
      - "C:/Program Files/Microsoft Visual Studio/2022/Community/Common7/IDE/CommonExtensions/Microsoft/CMake/CMake/share/cmake-3.31/Modules/CMakeDetermineCXXCompiler.cmake:126 (CMAKE_DETERMINE_COMPILER_ID)"
      - "CMakeLists.txt:2 (project)"
    message: |
      Detecting CXX compiler /showIncludes prefix:
        main.c
        Примечание: включение файла:  C:\\Users\\bahar\\Programming\\.cpp\\Projects\\Ping Pong\\vcpkg_installed\\vcpkg\\blds\\libogg\\x64-windows-dbg\\CMakeFiles\\ShowIncludes\\foo.h
        
      Found prefix "Примечание: включение файла:  "
  -
    kind: "try_compile-v1"
    backtrace:
      - "C:/Program Files/Microsoft Visual Studio/2022/Community/Common7/IDE/CommonExtensions/Microsoft/CMake/CMake/share/cmake-3.31/Modules/CMakeDetermineCompilerABI.cmake:74 (try_compile)"
      - "C:/Program Files/Microsoft Visual Studio/2022/Community/Common7/IDE/CommonExtensions/Microsoft/CMake/CMake/share/cmake-3.31/Modules/CMakeTestCCompiler.cmake:26 (CMAKE_DETERMINE_COMPILER_ABI)"
      - "CMakeLists.txt:2 (project)"
    checks:
      - "Detecting C compiler ABI info"
    directories:
      source: "C:/Users/bahar/Programming/.cpp/Projects/Ping Pong/vcpkg_installed/vcpkg/blds/libogg/x64-windows-dbg/CMakeFiles/CMakeScratch/TryCompile-9gfij6"
      binary: "C:/Users/bahar/Programming/.cpp/Projects/Ping Pong/vcpkg_installed/vcpkg/blds/libogg/x64-windows-dbg/CMakeFiles/CMakeScratch/TryCompile-9gfij6"
    cmakeVariables:
      CMAKE_C_FLAGS: " /nologo /DWIN32 /D_WINDOWS /utf-8 /MP "
      CMAKE_MSVC_DEBUG_INFORMATION_FORMAT: ""
      CMAKE_MSVC_RUNTIME_LIBRARY: "MultiThreaded$<$<CONFIG:Debug>:Debug>$<$<STREQUAL:dynamic,dynamic>:DLL>"
      VCPKG_CHAINLOAD_TOOLCHAIN_FILE: "C:/Program Files/Microsoft Visual Studio/2022/Community/VC/vcpkg/scripts/toolchains/windows.cmake"
      VCPKG_CRT_LINKAGE: "dynamic"
      VCPKG_CXX_FLAGS: ""
      VCPKG_CXX_FLAGS_DEBUG: ""
      VCPKG_CXX_FLAGS_RELEASE: ""
      VCPKG_C_FLAGS: ""
      VCPKG_C_FLAGS_DEBUG: ""
      VCPKG_C_FLAGS_RELEASE: ""
      VCPKG_INSTALLED_DIR: "C:/Users/bahar/Programming/.cpp/Projects/Ping Pong/vcpkg_installed"
      VCPKG_LINKER_FLAGS: ""
      VCPKG_LINKER_FLAGS_DEBUG: ""
      VCPKG_LINKER_FLAGS_RELEASE: ""
      VCPKG_PLATFORM_TOOLSET: "v143"
      VCPKG_PREFER_SYSTEM_LIBS: "OFF"
      VCPKG_SET_CHARSET_FLAG: "ON"
      VCPKG_TARGET_ARCHITECTURE: "x64"
      VCPKG_TARGET_TRIPLET: "x64-windows"
      Z_VCPKG_ROOT_DIR: "C:/Program Files/Microsoft Visual Studio/2022/Community/VC/vcpkg"
    buildResult:
      variable: "CMAKE_C_ABI_COMPILED"
      cached: true
      stdout: |
        Change Dir: 'C:/Users/bahar/Programming/.cpp/Projects/Ping Pong/vcpkg_installed/vcpkg/blds/libogg/x64-windows-dbg/CMakeFiles/CMakeScratch/TryCompile-9gfij6'
        
        Run Build Command(s): "C:/Program Files/Microsoft Visual Studio/2022/Community/Common7/IDE/CommonExtensions/Microsoft/CMake/Ninja/ninja.exe" -v cmTC_eb831
        [1/2] C:\\PROGRA~1\\MICROS~1\\2022\\COMMUN~1\\VC\\Tools\\MSVC\\1444~1.352\\bin\\Hostx64\\x64\\cl.exe  /nologo   /nologo /DWIN32 /D_WINDOWS /utf-8 /MP   /MDd /Z7 /Ob0 /Od /RTC1 /showIncludes /FoCMakeFiles\\cmTC_eb831.dir\\CMakeCCompilerABI.c.obj /FdCMakeFiles\\cmTC_eb831.dir\\ /FS -c "C:\\Program Files\\Microsoft Visual Studio\\2022\\Community\\Common7\\IDE\\CommonExtensions\\Microsoft\\CMake\\CMake\\share\\cmake-3.31\\Modules\\CMakeCCompilerABI.c"
        [2/2] C:\\WINDOWS\\system32\\cmd.exe /C "cd . && "C:\\Program Files\\Microsoft Visual Studio\\2022\\Community\\Common7\\IDE\\CommonExtensions\\Microsoft\\CMake\\CMake\\bin\\cmake.exe" -E vs_link_exe --msvc-ver=1944 --intdir=CMakeFiles\\cmTC_eb831.dir --rc=C:\\PROGRA~2\\WI3CF2~1\\10\\bin\\100261~1.0\\x64\\rc.exe --mt=C:\\PROGRA~2\\WI3CF2~1\\10\\bin\\100261~1.0\\x64\\mt.exe --manifests  -- C:\\PROGRA~1\\MICROS~1\\2022\\COMMUN~1\\VC\\Tools\\MSVC\\1444~1.352\\bin\\Hostx64\\x64\\link.exe /nologo CMakeFiles\\cmTC_eb831.dir\\CMakeCCompilerABI.c.obj  /out:cmTC_eb831.exe /implib:cmTC_eb831.lib /pdb:cmTC_eb831.pdb /version:0.0 /machine:x64  /nologo    /debug /INCREMENTAL /subsystem:console  kernel32.lib user32.lib gdi32.lib winspool.lib shell32.lib ole32.lib oleaut32.lib uuid.lib comdlg32.lib advapi32.lib && cd ."
        
      exitCode: 0
  -
    kind: "message-v1"
    backtrace:
      - "C:/Program Files/Microsoft Visual Studio/2022/Community/Common7/IDE/CommonExtensions/Microsoft/CMake/CMake/share/cmake-3.31/Modules/CMakeDetermineCompilerABI.cmake:218 (message)"
      - "C:/Program Files/Microsoft Visual Studio/2022/Community/Common7/IDE/CommonExtensions/Microsoft/CMake/CMake/share/cmake-3.31/Modules/CMakeTestCCompiler.cmake:26 (CMAKE_DETERMINE_COMPILER_ABI)"
      - "CMakeLists.txt:2 (project)"
    message: |
      Parsed C implicit link information:
        link line regex: [^( *|.*[/\\])(ld[0-9]*(\\.[a-z]+)?|link\\.exe|lld-link(\\.exe)?|CMAKE_LINK_STARTFILE-NOTFOUND|([^/\\]+-)?ld|collect2)[^/\\]*( |$)]
        linker tool regex: [^[ 	]*(->|")?[ 	]*(([^"]*[/\\])?(ld[0-9]*(\\.[a-z]+)?|link\\.exe|lld-link(\\.exe)?))("|,| |$)]
        linker tool for 'C': C:/PROGRA~1/MICROS~1/2022/COMMUN~1/VC/Tools/MSVC/1444~1.352/bin/Hostx64/x64/link.exe
        implicit libs: []
        implicit objs: []
        implicit dirs: []
        implicit fwks: []
      
      
  -
    kind: "message-v1"
    backtrace:
      - "C:/Program Files/Microsoft Visual Studio/2022/Community/Common7/IDE/CommonExtensions/Microsoft/CMake/CMake/share/cmake-3.31/Modules/Internal/CMakeDetermineLinkerId.cmake:40 (message)"
      - "C:/Program Files/Microsoft Visual Studio/2022/Community/Common7/IDE/CommonExtensions/Microsoft/CMake/CMake/share/cmake-3.31/Modules/CMakeDetermineCompilerABI.cmake:255 (cmake_determine_linker_id)"
      - "C:/Program Files/Microsoft Visual Studio/2022/Community/Common7/IDE/CommonExtensions/Microsoft/CMake/CMake/share/cmake-3.31/Modules/CMakeTestCCompiler.cmake:26 (CMAKE_DETERMINE_COMPILER_ABI)"
      - "CMakeLists.txt:2 (project)"
    message: |
      Running the C compiler's linker: "C:/PROGRA~1/MICROS~1/2022/COMMUN~1/VC/Tools/MSVC/1444~1.352/bin/Hostx64/x64/link.exe" "-v"
      Microsoft (R) Incremental Linker Version 14.44.35213.0
      Copyright (C) Microsoft Corporation.  All rights reserved.
  -
    kind: "try_compile-v1"
    backtrace:
      - "C:/Program Files/Microsoft Visual Studio/2022/Community/Common7/IDE/CommonExtensions/Microsoft/CMake/CMake/share/cmake-3.31/Modules/CMakeDetermineCompilerABI.cmake:74 (try_compile)"
      - "C:/Program Files/Microsoft Visual Studio/2022/Community/Common7/IDE/CommonExtensions/Microsoft/CMake/CMake/share/cmake-3.31/Modules/CMakeTestCXXCompiler.cmake:26 (CMAKE_DETERMINE_COMPILER_ABI)"
      - "CMakeLists.txt:2 (project)"
    checks:
      - "Detecting CXX compiler ABI info"
    directories:
      source: "C:/Users/bahar/Programming/.cpp/Projects/Ping Pong/vcpkg_installed/vcpkg/blds/libogg/x64-windows-dbg/CMakeFiles/CMakeScratch/TryCompile-107aho"
      binary: "C:/Users/bahar/Programming/.cpp/Projects/Ping Pong/vcpkg_installed/vcpkg/blds/libogg/x64-windows-dbg/CMakeFiles/CMakeScratch/TryCompile-107aho"
    cmakeVariables:
      CMAKE_CXX_FLAGS: " /nologo /DWIN32 /D_WINDOWS /utf-8 /GR /EHsc /MP "
      CMAKE_CXX_SCAN_FOR_MODULES: "OFF"
      CMAKE_MSVC_DEBUG_INFORMATION_FORMAT: ""
      CMAKE_MSVC_RUNTIME_LIBRARY: "MultiThreaded$<$<CONFIG:Debug>:Debug>$<$<STREQUAL:dynamic,dynamic>:DLL>"
      VCPKG_CHAINLOAD_TOOLCHAIN_FILE: "C:/Program Files/Microsoft Visual Studio/2022/Community/VC/vcpkg/scripts/toolchains/windows.cmake"
      VCPKG_CRT_LINKAGE: "dynamic"
      VCPKG_CXX_FLAGS: ""
      VCPKG_CXX_FLAGS_DEBUG: ""
      VCPKG_CXX_FLAGS_RELEASE: ""
      VCPKG_C_FLAGS: ""
      VCPKG_C_FLAGS_DEBUG: ""
      VCPKG_C_FLAGS_RELEASE: ""
      VCPKG_INSTALLED_DIR: "C:/Users/bahar/Programming/.cpp/Projects/Ping Pong/vcpkg_installed"
      VCPKG_LINKER_FLAGS: ""
      VCPKG_LINKER_FLAGS_DEBUG: ""
      VCPKG_LINKER_FLAGS_RELEASE: ""
      VCPKG_PLATFORM_TOOLSET: "v143"
      VCPKG_PREFER_SYSTEM_LIBS: "OFF"
      VCPKG_SET_CHARSET_FLAG: "ON"
      VCPKG_TARGET_ARCHITECTURE: "x64"
      VCPKG_TARGET_TRIPLET: "x64-windows"
      Z_VCPKG_ROOT_DIR: "C:/Program Files/Microsoft Visual Studio/2022/Community/VC/vcpkg"
    buildResult:
      variable: "CMAKE_CXX_ABI_COMPILED"
      cached: true
      stdout: |
        Change Dir: 'C:/Users/bahar/Programming/.cpp/Projects/Ping Pong/vcpkg_installed/vcpkg/blds/libogg/x64-windows-dbg/CMakeFiles/CMakeScratch/TryCompile-107aho'
        
        Run Build Command(s): "C:/Program Files/Microsoft Visual Studio/2022/Community/Common7/IDE/CommonExtensions/Microsoft/CMake/Ninja/ninja.exe" -v cmTC_8224a
        [1/2] C:\\PROGRA~1\\MICROS~1\\2022\\COMMUN~1\\VC\\Tools\\MSVC\\1444~1.352\\bin\\Hostx64\\x64\\cl.exe  /nologo /TP   /nologo /DWIN32 /D_WINDOWS /utf-8 /GR /EHsc /MP   /MDd /Z7 /Ob0 /Od /RTC1 /showIncludes /FoCMakeFiles\\cmTC_8224a.dir\\CMakeCXXCompilerABI.cpp.obj /FdCMakeFiles\\cmTC_8224a.dir\\ /FS -c "C:\\Program Files\\Microsoft Visual Studio\\2022\\Community\\Common7\\IDE\\CommonExtensions\\Microsoft\\CMake\\CMake\\share\\cmake-3.31\\Modules\\CMakeCXXCompilerABI.cpp"
        [2/2] C:\\WINDOWS\\system32\\cmd.exe /C "cd . && "C:\\Program Files\\Microsoft Visual Studio\\2022\\Community\\Common7\\IDE\\CommonExtensions\\Microsoft\\CMake\\CMake\\bin\\cmake.exe" -E vs_link_exe --msvc-ver=1944 --intdir=CMakeFiles\\cmTC_8224a.dir --rc=C:\\PROGRA~2\\WI3CF2~1\\10\\bin\\100261~1.0\\x64\\rc.exe --mt=C:\\PROGRA~2\\WI3CF2~1\\10\\bin\\100261~1.0\\x64\\mt.exe --manifests  -- C:\\PROGRA~1\\MICROS~1\\2022\\COMMUN~1\\VC\\Tools\\MSVC\\1444~1.352\\bin\\Hostx64\\x64\\link.exe /nologo CMakeFiles\\cmTC_8224a.dir\\CMakeCXXCompilerABI.cpp.obj  /out:cmTC_8224a.exe /implib:cmTC_8224a.lib /pdb:cmTC_8224a.pdb /version:0.0 /machine:x64  /nologo    /debug /INCREMENTAL /subsystem:console  kernel32.lib user32.lib gdi32.lib winspool.lib shell32.lib ole32.lib oleaut32.lib uuid.lib comdlg32.lib advapi32.lib && cd ."
        
      exitCode: 0
  -
    kind: "message-v1"
    backtrace:
      - "C:/Program Files/Microsoft Visual Studio/2022/Community/Common7/IDE/CommonExtensions/Microsoft/CMake/CMake/share/cmake-3.31/Modules/CMakeDetermineCompilerABI.cmake:218 (message)"
      - "C:/Program Files/Microsoft Visual Studio/2022/Community/Common7/IDE/CommonExtensions/Microsoft/CMake/CMake/share/cmake-3.31/Modules/CMakeTestCXXCompiler.cmake:26 (CMAKE_DETERMINE_COMPILER_ABI)"
      - "CMakeLists.txt:2 (project)"
    message: |
      Parsed CXX implicit link information:
        link line regex: [^( *|.*[/\\])(ld[0-9]*(\\.[a-z]+)?|link\\.exe|lld-link(\\.exe)?|CMAKE_LINK_STARTFILE-NOTFOUND|([^/\\]+-)?ld|collect2)[^/\\]*( |$)]
        linker tool regex: [^[ 	]*(->|")?[ 	]*(([^"]*[/\\])?(ld[0-9]*(\\.[a-z]+)?|link\\.exe|lld-link(\\.exe)?))("|,| |$)]
        linker tool for 'CXX': C:/PROGRA~1/MICROS~1/2022/COMMUN~1/VC/Tools/MSVC/1444~1.352/bin/Hostx64/x64/link.exe
        implicit libs: []
        implicit objs: []
        implicit dirs: []
        implicit fwks: []
      
      
  -
    kind: "message-v1"
    backtrace:
      - "C:/Program Files/Microsoft Visual Studio/2022/Community/Common7/IDE/CommonExtensions/Microsoft/CMake/CMake/share/cmake-3.31/Modules/Internal/CMakeDetermineLinkerId.cmake:40 (message)"
      - "C:/Program Files/Microsoft Visual Studio/2022/Community/Common7/IDE/CommonExtensions/Microsoft/CMake/CMake/share/cmake-3.31/Modules/CMakeDetermineCompilerABI.cmake:255 (cmake_determine_linker_id)"
      - "C:/Program Files/Microsoft Visual Studio/2022/Community/Common7/IDE/CommonExtensions/Microsoft/CMake/CMake/share/cmake-3.31/Modules/CMakeTestCXXCompiler.cmake:26 (CMAKE_DETERMINE_COMPILER_ABI)"
      - "CMakeLists.txt:2 (project)"
    message: |
      Running the CXX compiler's linker: "C:/PROGRA~1/MICROS~1/2022/COMMUN~1/VC/Tools/MSVC/1444~1.352/bin/Hostx64/x64/link.exe" "-v"
      Microsoft (R) Incremental Linker Version 14.44.35213.0
      Copyright (C) Microsoft Corporation.  All rights reserved.
  -
    kind: "try_compile-v1"
    backtrace:
      - "C:/Program Files/Microsoft Visual Studio/2022/Community/Common7/IDE/CommonExtensions/Microsoft/CMake/CMake/share/cmake-3.31/Modules/CheckIncludeFiles.cmake:141 (try_compile)"
      - "CMakeLists.txt:57 (check_include_files)"
    checks:
      - "Looking for include file inttypes.h"
    directories:
      source: "C:/Users/bahar/Programming/.cpp/Projects/Ping Pong/vcpkg_installed/vcpkg/blds/libogg/x64-windows-dbg/CMakeFiles/CMakeScratch/TryCompile-2qoxip"
      binary: "C:/Users/bahar/Programming/.cpp/Projects/Ping Pong/vcpkg_installed/vcpkg/blds/libogg/x64-windows-dbg/CMakeFiles/CMakeScratch/TryCompile-2qoxip"
    cmakeVariables:
      CMAKE_C_FLAGS: " /nologo /DWIN32 /D_WINDOWS /utf-8 /MP "
      CMAKE_MSVC_DEBUG_INFORMATION_FORMAT: ""
      CMAKE_MSVC_RUNTIME_LIBRARY: "MultiThreaded$<$<CONFIG:Debug>:Debug>$<$<STREQUAL:dynamic,dynamic>:DLL>"
      VCPKG_CHAINLOAD_TOOLCHAIN_FILE: "C:/Program Files/Microsoft Visual Studio/2022/Community/VC/vcpkg/scripts/toolchains/windows.cmake"
      VCPKG_CRT_LINKAGE: "dynamic"
      VCPKG_CXX_FLAGS: ""
      VCPKG_CXX_FLAGS_DEBUG: ""
      VCPKG_CXX_FLAGS_RELEASE: ""
      VCPKG_C_FLAGS: ""
      VCPKG_C_FLAGS_DEBUG: ""
      VCPKG_C_FLAGS_RELEASE: ""
      VCPKG_INSTALLED_DIR: "C:/Users/bahar/Programming/.cpp/Projects/Ping Pong/vcpkg_installed"
      VCPKG_LINKER_FLAGS: ""
      VCPKG_LINKER_FLAGS_DEBUG: ""
      VCPKG_LINKER_FLAGS_RELEASE: ""
      VCPKG_PLATFORM_TOOLSET: "v143"
      VCPKG_PREFER_SYSTEM_LIBS: "OFF"
      VCPKG_SET_CHARSET_FLAG: "ON"
      VCPKG_TARGET_ARCHITECTURE: "x64"
      VCPKG_TARGET_TRIPLET: "x64-windows"
      Z_VCPKG_ROOT_DIR: "C:/Program Files/Microsoft Visual Studio/2022/Community/VC/vcpkg"
    buildResult:
      variable: "INCLUDE_INTTYPES_H"
      cached: true
      stdout: |
        Change Dir: 'C:/Users/bahar/Programming/.cpp/Projects/Ping Pong/vcpkg_installed/vcpkg/blds/libogg/x64-windows-dbg/CMakeFiles/CMakeScratch/TryCompile-2qoxip'
        
        Run Build Command(s): "C:/Program Files/Microsoft Visual Studio/2022/Community/Common7/IDE/CommonExtensions/Microsoft/CMake/Ninja/ninja.exe" -v cmTC_4820e
        [1/2] C:\\PROGRA~1\\MICROS~1\\2022\\COMMUN~1\\VC\\Tools\\MSVC\\1444~1.352\\bin\\Hostx64\\x64\\cl.exe  /nologo   /nologo /DWIN32 /D_WINDOWS /utf-8 /MP   /MDd /Z7 /Ob0 /Od /RTC1 /showIncludes /FoCMakeFiles\\cmTC_4820e.dir\\INCLUDE_INTTYPES_H.c.obj /FdCMakeFiles\\cmTC_4820e.dir\\ /FS -c "C:\\Users\\bahar\\Programming\\.cpp\\Projects\\Ping Pong\\vcpkg_installed\\vcpkg\\blds\\libogg\\x64-windows-dbg\\CMakeFiles\\CMakeScratch\\TryCompile-2qoxip\\INCLUDE_INTTYPES_H.c"
        [2/2] C:\\WINDOWS\\system32\\cmd.exe /C "cd . && "C:\\Program Files\\Microsoft Visual Studio\\2022\\Community\\Common7\\IDE\\CommonExtensions\\Microsoft\\CMake\\CMake\\bin\\cmake.exe" -E vs_link_exe --msvc-ver=1944 --intdir=CMakeFiles\\cmTC_4820e.dir --rc=C:\\PROGRA~2\\WI3CF2~1\\10\\bin\\100261~1.0\\x64\\rc.exe --mt=C:\\PROGRA~2\\WI3CF2~1\\10\\bin\\100261~1.0\\x64\\mt.exe --manifests  -- C:\\PROGRA~1\\MICROS~1\\2022\\COMMUN~1\\VC\\Tools\\MSVC\\1444~1.352\\bin\\Hostx64\\x64\\link.exe /nologo CMakeFiles\\cmTC_4820e.dir\\INCLUDE_INTTYPES_H.c.obj  /out:cmTC_4820e.exe /implib:cmTC_4820e.lib /pdb:cmTC_4820e.pdb /version:0.0 /machine:x64  /nologo    /debug /INCREMENTAL /subsystem:console  kernel32.lib user32.lib gdi32.lib winspool.lib shell32.lib ole32.lib oleaut32.lib uuid.lib comdlg32.lib advapi32.lib && cd ."
        
      exitCode: 0
  -
    kind: "try_compile-v1"
    backtrace:
      - "C:/Program Files/Microsoft Visual Studio/2022/Community/Common7/IDE/CommonExtensions/Microsoft/CMake/CMake/share/cmake-3.31/Modules/CheckIncludeFiles.cmake:141 (try_compile)"
      - "CMakeLists.txt:58 (check_include_files)"
    checks:
      - "Looking for include file stdint.h"
    directories:
      source: "C:/Users/bahar/Programming/.cpp/Projects/Ping Pong/vcpkg_installed/vcpkg/blds/libogg/x64-windows-dbg/CMakeFiles/CMakeScratch/TryCompile-zdoxu3"
      binary: "C:/Users/bahar/Programming/.cpp/Projects/Ping Pong/vcpkg_installed/vcpkg/blds/libogg/x64-windows-dbg/CMakeFiles/CMakeScratch/TryCompile-zdoxu3"
    cmakeVariables:
      CMAKE_C_FLAGS: " /nologo /DWIN32 /D_WINDOWS /utf-8 /MP "
      CMAKE_MSVC_DEBUG_INFORMATION_FORMAT: ""
      CMAKE_MSVC_RUNTIME_LIBRARY: "MultiThreaded$<$<CONFIG:Debug>:Debug>$<$<STREQUAL:dynamic,dynamic>:DLL>"
      VCPKG_CHAINLOAD_TOOLCHAIN_FILE: "C:/Program Files/Microsoft Visual Studio/2022/Community/VC/vcpkg/scripts/toolchains/windows.cmake"
      VCPKG_CRT_LINKAGE: "dynamic"
      VCPKG_CXX_FLAGS: ""
      VCPKG_CXX_FLAGS_DEBUG: ""
      VCPKG_CXX_FLAGS_RELEASE: ""
      VCPKG_C_FLAGS: ""
      VCPKG_C_FLAGS_DEBUG: ""
      VCPKG_C_FLAGS_RELEASE: ""
      VCPKG_INSTALLED_DIR: "C:/Users/bahar/Programming/.cpp/Projects/Ping Pong/vcpkg_installed"
      VCPKG_LINKER_FLAGS: ""
      VCPKG_LINKER_FLAGS_DEBUG: ""
      VCPKG_LINKER_FLAGS_RELEASE: ""
      VCPKG_PLATFORM_TOOLSET: "v143"
      VCPKG_PREFER_SYSTEM_LIBS: "OFF"
      VCPKG_SET_CHARSET_FLAG: "ON"
      VCPKG_TARGET_ARCHITECTURE: "x64"
      VCPKG_TARGET_TRIPLET: "x64-windows"
      Z_VCPKG_ROOT_DIR: "C:/Program Files/Microsoft Visual Studio/2022/Community/VC/vcpkg"
    buildResult:
      variable: "INCLUDE_STDINT_H"
      cached: true
      stdout: |
        Change Dir: 'C:/Users/bahar/Programming/.cpp/Projects/Ping Pong/vcpkg_installed/vcpkg/blds/libogg/x64-windows-dbg/CMakeFiles/CMakeScratch/TryCompile-zdoxu3'
        
        Run Build Command(s): "C:/Program Files/Microsoft Visual Studio/2022/Community/Common7/IDE/CommonExtensions/Microsoft/CMake/Ninja/ninja.exe" -v cmTC_4482b
        [1/2] C:\\PROGRA~1\\MICROS~1\\2022\\COMMUN~1\\VC\\Tools\\MSVC\\1444~1.352\\bin\\Hostx64\\x64\\cl.exe  /nologo   /nologo /DWIN32 /D_WINDOWS /utf-8 /MP   /MDd /Z7 /Ob0 /Od /RTC1 /showIncludes /FoCMakeFiles\\cmTC_4482b.dir\\INCLUDE_STDINT_H.c.obj /FdCMakeFiles\\cmTC_4482b.dir\\ /FS -c "C:\\Users\\bahar\\Programming\\.cpp\\Projects\\Ping Pong\\vcpkg_installed\\vcpkg\\blds\\libogg\\x64-windows-dbg\\CMakeFiles\\CMakeScratch\\TryCompile-zdoxu3\\INCLUDE_STDINT_H.c"
        [2/2] C:\\WINDOWS\\system32\\cmd.exe /C "cd . && "C:\\Program Files\\Microsoft Visual Studio\\2022\\Community\\Common7\\IDE\\CommonExtensions\\Microsoft\\CMake\\CMake\\bin\\cmake.exe" -E vs_link_exe --msvc-ver=1944 --intdir=CMakeFiles\\cmTC_4482b.dir --rc=C:\\PROGRA~2\\WI3CF2~1\\10\\bin\\100261~1.0\\x64\\rc.exe --mt=C:\\PROGRA~2\\WI3CF2~1\\10\\bin\\100261~1.0\\x64\\mt.exe --manifests  -- C:\\PROGRA~1\\MICROS~1\\2022\\COMMUN~1\\VC\\Tools\\MSVC\\1444~1.352\\bin\\Hostx64\\x64\\link.exe /nologo CMakeFiles\\cmTC_4482b.dir\\INCLUDE_STDINT_H.c.obj  /out:cmTC_4482b.exe /implib:cmTC_4482b.lib /pdb:cmTC_4482b.pdb /version:0.0 /machine:x64  /nologo    /debug /INCREMENTAL /subsystem:console  kernel32.lib user32.lib gdi32.lib winspool.lib shell32.lib ole32.lib oleaut32.lib uuid.lib comdlg32.lib advapi32.lib && cd ."
        
      exitCode: 0
  -
    kind: "try_compile-v1"
    backtrace:
      - "C:/Program Files/Microsoft Visual Studio/2022/Community/Common7/IDE/CommonExtensions/Microsoft/CMake/CMake/share/cmake-3.31/Modules/CheckIncludeFiles.cmake:141 (try_compile)"
      - "CMakeLists.txt:59 (check_include_files)"
    checks:
      - "Looking for include file sys/types.h"
    directories:
      source: "C:/Users/bahar/Programming/.cpp/Projects/Ping Pong/vcpkg_installed/vcpkg/blds/libogg/x64-windows-dbg/CMakeFiles/CMakeScratch/TryCompile-i0j0jo"
      binary: "C:/Users/bahar/Programming/.cpp/Projects/Ping Pong/vcpkg_installed/vcpkg/blds/libogg/x64-windows-dbg/CMakeFiles/CMakeScratch/TryCompile-i0j0jo"
    cmakeVariables:
      CMAKE_C_FLAGS: " /nologo /DWIN32 /D_WINDOWS /utf-8 /MP "
      CMAKE_MSVC_DEBUG_INFORMATION_FORMAT: ""
      CMAKE_MSVC_RUNTIME_LIBRARY: "MultiThreaded$<$<CONFIG:Debug>:Debug>$<$<STREQUAL:dynamic,dynamic>:DLL>"
      VCPKG_CHAINLOAD_TOOLCHAIN_FILE: "C:/Program Files/Microsoft Visual Studio/2022/Community/VC/vcpkg/scripts/toolchains/windows.cmake"
      VCPKG_CRT_LINKAGE: "dynamic"
      VCPKG_CXX_FLAGS: ""
      VCPKG_CXX_FLAGS_DEBUG: ""
      VCPKG_CXX_FLAGS_RELEASE: ""
      VCPKG_C_FLAGS: ""
      VCPKG_C_FLAGS_DEBUG: ""
      VCPKG_C_FLAGS_RELEASE: ""
      VCPKG_INSTALLED_DIR: "C:/Users/bahar/Programming/.cpp/Projects/Ping Pong/vcpkg_installed"
      VCPKG_LINKER_FLAGS: ""
      VCPKG_LINKER_FLAGS_DEBUG: ""
      VCPKG_LINKER_FLAGS_RELEASE: ""
      VCPKG_PLATFORM_TOOLSET: "v143"
      VCPKG_PREFER_SYSTEM_LIBS: "OFF"
      VCPKG_SET_CHARSET_FLAG: "ON"
      VCPKG_TARGET_ARCHITECTURE: "x64"
      VCPKG_TARGET_TRIPLET: "x64-windows"
      Z_VCPKG_ROOT_DIR: "C:/Program Files/Microsoft Visual Studio/2022/Community/VC/vcpkg"
    buildResult:
      variable: "INCLUDE_SYS_TYPES_H"
      cached: true
      stdout: |
        Change Dir: 'C:/Users/bahar/Programming/.cpp/Projects/Ping Pong/vcpkg_installed/vcpkg/blds/libogg/x64-windows-dbg/CMakeFiles/CMakeScratch/TryCompile-i0j0jo'
        
        Run Build Command(s): "C:/Program Files/Microsoft Visual Studio/2022/Community/Common7/IDE/CommonExtensions/Microsoft/CMake/Ninja/ninja.exe" -v cmTC_53cc1
        [1/2] C:\\PROGRA~1\\MICROS~1\\2022\\COMMUN~1\\VC\\Tools\\MSVC\\1444~1.352\\bin\\Hostx64\\x64\\cl.exe  /nologo   /nologo /DWIN32 /D_WINDOWS /utf-8 /MP   /MDd /Z7 /Ob0 /Od /RTC1 /showIncludes /FoCMakeFiles\\cmTC_53cc1.dir\\INCLUDE_SYS_TYPES_H.c.obj /FdCMakeFiles\\cmTC_53cc1.dir\\ /FS -c "C:\\Users\\bahar\\Programming\\.cpp\\Projects\\Ping Pong\\vcpkg_installed\\vcpkg\\blds\\libogg\\x64-windows-dbg\\CMakeFiles\\CMakeScratch\\TryCompile-i0j0jo\\INCLUDE_SYS_TYPES_H.c"
        [2/2] C:\\WINDOWS\\system32\\cmd.exe /C "cd . && "C:\\Program Files\\Microsoft Visual Studio\\2022\\Community\\Common7\\IDE\\CommonExtensions\\Microsoft\\CMake\\CMake\\bin\\cmake.exe" -E vs_link_exe --msvc-ver=1944 --intdir=CMakeFiles\\cmTC_53cc1.dir --rc=C:\\PROGRA~2\\WI3CF2~1\\10\\bin\\100261~1.0\\x64\\rc.exe --mt=C:\\PROGRA~2\\WI3CF2~1\\10\\bin\\100261~1.0\\x64\\mt.exe --manifests  -- C:\\PROGRA~1\\MICROS~1\\2022\\COMMUN~1\\VC\\Tools\\MSVC\\1444~1.352\\bin\\Hostx64\\x64\\link.exe /nologo CMakeFiles\\cmTC_53cc1.dir\\INCLUDE_SYS_TYPES_H.c.obj  /out:cmTC_53cc1.exe /implib:cmTC_53cc1.lib /pdb:cmTC_53cc1.pdb /version:0.0 /machine:x64  /nologo    /debug /INCREMENTAL /subsystem:console  kernel32.lib user32.lib gdi32.lib winspool.lib shell32.lib ole32.lib oleaut32.lib uuid.lib comdlg32.lib advapi32.lib && cd ."
        
      exitCode: 0
  -
    kind: "try_compile-v1"
    backtrace:
      - "C:/Program Files/Microsoft Visual Studio/2022/Community/Common7/IDE/CommonExtensions/Microsoft/CMake/CMake/share/cmake-3.31/Modules/CheckIncludeFile.cmake:99 (try_compile)"
      - "C:/Program Files/Microsoft Visual Studio/2022/Community/Common7/IDE/CommonExtensions/Microsoft/CMake/CMake/share/cmake-3.31/Modules/CheckTypeSize.cmake:262 (check_include_file)"
      - "cmake/CheckSizes.cmake:3 (check_type_size)"
      - "CMakeLists.txt:69 (include)"
    checks:
      - "Looking for sys/types.h"
    directories:
      source: "C:/Users/bahar/Programming/.cpp/Projects/Ping Pong/vcpkg_installed/vcpkg/blds/libogg/x64-windows-dbg/CMakeFiles/CMakeScratch/TryCompile-t4a8bp"
      binary: "C:/Users/bahar/Programming/.cpp/Projects/Ping Pong/vcpkg_installed/vcpkg/blds/libogg/x64-windows-dbg/CMakeFiles/CMakeScratch/TryCompile-t4a8bp"
    cmakeVariables:
      CMAKE_C_FLAGS: " /nologo /DWIN32 /D_WINDOWS /utf-8 /MP "
      CMAKE_MODULE_PATH: "C:/Users/bahar/Programming/.cpp/Projects/Ping Pong/vcpkg_installed/vcpkg/blds/libogg/src/v1.3.5-1a4243fef9.clean/cmake"
      CMAKE_MSVC_DEBUG_INFORMATION_FORMAT: ""
      CMAKE_MSVC_RUNTIME_LIBRARY: "MultiThreaded$<$<CONFIG:Debug>:Debug>$<$<STREQUAL:dynamic,dynamic>:DLL>"
      VCPKG_CHAINLOAD_TOOLCHAIN_FILE: "C:/Program Files/Microsoft Visual Studio/2022/Community/VC/vcpkg/scripts/toolchains/windows.cmake"
      VCPKG_CRT_LINKAGE: "dynamic"
      VCPKG_CXX_FLAGS: ""
      VCPKG_CXX_FLAGS_DEBUG: ""
      VCPKG_CXX_FLAGS_RELEASE: ""
      VCPKG_C_FLAGS: ""
      VCPKG_C_FLAGS_DEBUG: ""
      VCPKG_C_FLAGS_RELEASE: ""
      VCPKG_INSTALLED_DIR: "C:/Users/bahar/Programming/.cpp/Projects/Ping Pong/vcpkg_installed"
      VCPKG_LINKER_FLAGS: ""
      VCPKG_LINKER_FLAGS_DEBUG: ""
      VCPKG_LINKER_FLAGS_RELEASE: ""
      VCPKG_PLATFORM_TOOLSET: "v143"
      VCPKG_PREFER_SYSTEM_LIBS: "OFF"
      VCPKG_SET_CHARSET_FLAG: "ON"
      VCPKG_TARGET_ARCHITECTURE: "x64"
      VCPKG_TARGET_TRIPLET: "x64-windows"
      Z_VCPKG_ROOT_DIR: "C:/Program Files/Microsoft Visual Studio/2022/Community/VC/vcpkg"
    buildResult:
      variable: "HAVE_SYS_TYPES_H"
      cached: true
      stdout: |
        Change Dir: 'C:/Users/bahar/Programming/.cpp/Projects/Ping Pong/vcpkg_installed/vcpkg/blds/libogg/x64-windows-dbg/CMakeFiles/CMakeScratch/TryCompile-t4a8bp'
        
        Run Build Command(s): "C:/Program Files/Microsoft Visual Studio/2022/Community/Common7/IDE/CommonExtensions/Microsoft/CMake/Ninja/ninja.exe" -v cmTC_7b3fc
        [1/2] C:\\PROGRA~1\\MICROS~1\\2022\\COMMUN~1\\VC\\Tools\\MSVC\\1444~1.352\\bin\\Hostx64\\x64\\cl.exe  /nologo   /nologo /DWIN32 /D_WINDOWS /utf-8 /MP   /MDd /Z7 /Ob0 /Od /RTC1 /showIncludes /FoCMakeFiles\\cmTC_7b3fc.dir\\CheckIncludeFile.c.obj /FdCMakeFiles\\cmTC_7b3fc.dir\\ /FS -c "C:\\Users\\bahar\\Programming\\.cpp\\Projects\\Ping Pong\\vcpkg_installed\\vcpkg\\blds\\libogg\\x64-windows-dbg\\CMakeFiles\\CMakeScratch\\TryCompile-t4a8bp\\CheckIncludeFile.c"
        [2/2] C:\\WINDOWS\\system32\\cmd.exe /C "cd . && "C:\\Program Files\\Microsoft Visual Studio\\2022\\Community\\Common7\\IDE\\CommonExtensions\\Microsoft\\CMake\\CMake\\bin\\cmake.exe" -E vs_link_exe --msvc-ver=1944 --intdir=CMakeFiles\\cmTC_7b3fc.dir --rc=C:\\PROGRA~2\\WI3CF2~1\\10\\bin\\100261~1.0\\x64\\rc.exe --mt=C:\\PROGRA~2\\WI3CF2~1\\10\\bin\\100261~1.0\\x64\\mt.exe --manifests  -- C:\\PROGRA~1\\MICROS~1\\2022\\COMMUN~1\\VC\\Tools\\MSVC\\1444~1.352\\bin\\Hostx64\\x64\\link.exe /nologo CMakeFiles\\cmTC_7b3fc.dir\\CheckIncludeFile.c.obj  /out:cmTC_7b3fc.exe /implib:cmTC_7b3fc.lib /pdb:cmTC_7b3fc.pdb /version:0.0 /machine:x64  /nologo    /debug /INCREMENTAL /subsystem:console  kernel32.lib user32.lib gdi32.lib winspool.lib shell32.lib ole32.lib oleaut32.lib uuid.lib comdlg32.lib advapi32.lib && cd ."
        
      exitCode: 0
  -
    kind: "try_compile-v1"
    backtrace:
      - "C:/Program Files/Microsoft Visual Studio/2022/Community/Common7/IDE/CommonExtensions/Microsoft/CMake/CMake/share/cmake-3.31/Modules/CheckIncludeFile.cmake:99 (try_compile)"
      - "C:/Program Files/Microsoft Visual Studio/2022/Community/Common7/IDE/CommonExtensions/Microsoft/CMake/CMake/share/cmake-3.31/Modules/CheckTypeSize.cmake:263 (check_include_file)"
      - "cmake/CheckSizes.cmake:3 (check_type_size)"
      - "CMakeLists.txt:69 (include)"
    checks:
      - "Looking for stdint.h"
    directories:
      source: "C:/Users/bahar/Programming/.cpp/Projects/Ping Pong/vcpkg_installed/vcpkg/blds/libogg/x64-windows-dbg/CMakeFiles/CMakeScratch/TryCompile-mv3enw"
      binary: "C:/Users/bahar/Programming/.cpp/Projects/Ping Pong/vcpkg_installed/vcpkg/blds/libogg/x64-windows-dbg/CMakeFiles/CMakeScratch/TryCompile-mv3enw"
    cmakeVariables:
      CMAKE_C_FLAGS: " /nologo /DWIN32 /D_WINDOWS /utf-8 /MP "
      CMAKE_MODULE_PATH: "C:/Users/bahar/Programming/.cpp/Projects/Ping Pong/vcpkg_installed/vcpkg/blds/libogg/src/v1.3.5-1a4243fef9.clean/cmake"
      CMAKE_MSVC_DEBUG_INFORMATION_FORMAT: ""
      CMAKE_MSVC_RUNTIME_LIBRARY: "MultiThreaded$<$<CONFIG:Debug>:Debug>$<$<STREQUAL:dynamic,dynamic>:DLL>"
      VCPKG_CHAINLOAD_TOOLCHAIN_FILE: "C:/Program Files/Microsoft Visual Studio/2022/Community/VC/vcpkg/scripts/toolchains/windows.cmake"
      VCPKG_CRT_LINKAGE: "dynamic"
      VCPKG_CXX_FLAGS: ""
      VCPKG_CXX_FLAGS_DEBUG: ""
      VCPKG_CXX_FLAGS_RELEASE: ""
      VCPKG_C_FLAGS: ""
      VCPKG_C_FLAGS_DEBUG: ""
      VCPKG_C_FLAGS_RELEASE: ""
      VCPKG_INSTALLED_DIR: "C:/Users/bahar/Programming/.cpp/Projects/Ping Pong/vcpkg_installed"
      VCPKG_LINKER_FLAGS: ""
      VCPKG_LINKER_FLAGS_DEBUG: ""
      VCPKG_LINKER_FLAGS_RELEASE: ""
      VCPKG_PLATFORM_TOOLSET: "v143"
      VCPKG_PREFER_SYSTEM_LIBS: "OFF"
      VCPKG_SET_CHARSET_FLAG: "ON"
      VCPKG_TARGET_ARCHITECTURE: "x64"
      VCPKG_TARGET_TRIPLET: "x64-windows"
      Z_VCPKG_ROOT_DIR: "C:/Program Files/Microsoft Visual Studio/2022/Community/VC/vcpkg"
    buildResult:
      variable: "HAVE_STDINT_H"
      cached: true
      stdout: |
        Change Dir: 'C:/Users/bahar/Programming/.cpp/Projects/Ping Pong/vcpkg_installed/vcpkg/blds/libogg/x64-windows-dbg/CMakeFiles/CMakeScratch/TryCompile-mv3enw'
        
        Run Build Command(s): "C:/Program Files/Microsoft Visual Studio/2022/Community/Common7/IDE/CommonExtensions/Microsoft/CMake/Ninja/ninja.exe" -v cmTC_fa2b7
        [1/2] C:\\PROGRA~1\\MICROS~1\\2022\\COMMUN~1\\VC\\Tools\\MSVC\\1444~1.352\\bin\\Hostx64\\x64\\cl.exe  /nologo   /nologo /DWIN32 /D_WINDOWS /utf-8 /MP   /MDd /Z7 /Ob0 /Od /RTC1 /showIncludes /FoCMakeFiles\\cmTC_fa2b7.dir\\CheckIncludeFile.c.obj /FdCMakeFiles\\cmTC_fa2b7.dir\\ /FS -c "C:\\Users\\bahar\\Programming\\.cpp\\Projects\\Ping Pong\\vcpkg_installed\\vcpkg\\blds\\libogg\\x64-windows-dbg\\CMakeFiles\\CMakeScratch\\TryCompile-mv3enw\\CheckIncludeFile.c"
        [2/2] C:\\WINDOWS\\system32\\cmd.exe /C "cd . && "C:\\Program Files\\Microsoft Visual Studio\\2022\\Community\\Common7\\IDE\\CommonExtensions\\Microsoft\\CMake\\CMake\\bin\\cmake.exe" -E vs_link_exe --msvc-ver=1944 --intdir=CMakeFiles\\cmTC_fa2b7.dir --rc=C:\\PROGRA~2\\WI3CF2~1\\10\\bin\\100261~1.0\\x64\\rc.exe --mt=C:\\PROGRA~2\\WI3CF2~1\\10\\bin\\100261~1.0\\x64\\mt.exe --manifests  -- C:\\PROGRA~1\\MICROS~1\\2022\\COMMUN~1\\VC\\Tools\\MSVC\\1444~1.352\\bin\\Hostx64\\x64\\link.exe /nologo CMakeFiles\\cmTC_fa2b7.dir\\CheckIncludeFile.c.obj  /out:cmTC_fa2b7.exe /implib:cmTC_fa2b7.lib /pdb:cmTC_fa2b7.pdb /version:0.0 /machine:x64  /nologo    /debug /INCREMENTAL /subsystem:console  kernel32.lib user32.lib gdi32.lib winspool.lib shell32.lib ole32.lib oleaut32.lib uuid.lib comdlg32.lib advapi32.lib && cd ."
        
      exitCode: 0
  -
    kind: "try_compile-v1"
    backtrace:
      - "C:/Program Files/Microsoft Visual Studio/2022/Community/Common7/IDE/CommonExtensions/Microsoft/CMake/CMake/share/cmake-3.31/Modules/CheckIncludeFile.cmake:99 (try_compile)"
      - "C:/Program Files/Microsoft Visual Studio/2022/Community/Common7/IDE/CommonExtensions/Microsoft/CMake/CMake/share/cmake-3.31/Modules/CheckTypeSize.cmake:264 (check_include_file)"
      - "cmake/CheckSizes.cmake:3 (check_type_size)"
      - "CMakeLists.txt:69 (include)"
    checks:
      - "Looking for stddef.h"
    directories:
      source: "C:/Users/bahar/Programming/.cpp/Projects/Ping Pong/vcpkg_installed/vcpkg/blds/libogg/x64-windows-dbg/CMakeFiles/CMakeScratch/TryCompile-gnsa7l"
      binary: "C:/Users/bahar/Programming/.cpp/Projects/Ping Pong/vcpkg_installed/vcpkg/blds/libogg/x64-windows-dbg/CMakeFiles/CMakeScratch/TryCompile-gnsa7l"
    cmakeVariables:
      CMAKE_C_FLAGS: " /nologo /DWIN32 /D_WINDOWS /utf-8 /MP "
      CMAKE_MODULE_PATH: "C:/Users/bahar/Programming/.cpp/Projects/Ping Pong/vcpkg_installed/vcpkg/blds/libogg/src/v1.3.5-1a4243fef9.clean/cmake"
      CMAKE_MSVC_DEBUG_INFORMATION_FORMAT: ""
      CMAKE_MSVC_RUNTIME_LIBRARY: "MultiThreaded$<$<CONFIG:Debug>:Debug>$<$<STREQUAL:dynamic,dynamic>:DLL>"
      VCPKG_CHAINLOAD_TOOLCHAIN_FILE: "C:/Program Files/Microsoft Visual Studio/2022/Community/VC/vcpkg/scripts/toolchains/windows.cmake"
      VCPKG_CRT_LINKAGE: "dynamic"
      VCPKG_CXX_FLAGS: ""
      VCPKG_CXX_FLAGS_DEBUG: ""
      VCPKG_CXX_FLAGS_RELEASE: ""
      VCPKG_C_FLAGS: ""
      VCPKG_C_FLAGS_DEBUG: ""
      VCPKG_C_FLAGS_RELEASE: ""
      VCPKG_INSTALLED_DIR: "C:/Users/bahar/Programming/.cpp/Projects/Ping Pong/vcpkg_installed"
      VCPKG_LINKER_FLAGS: ""
      VCPKG_LINKER_FLAGS_DEBUG: ""
      VCPKG_LINKER_FLAGS_RELEASE: ""
      VCPKG_PLATFORM_TOOLSET: "v143"
      VCPKG_PREFER_SYSTEM_LIBS: "OFF"
      VCPKG_SET_CHARSET_FLAG: "ON"
      VCPKG_TARGET_ARCHITECTURE: "x64"
      VCPKG_TARGET_TRIPLET: "x64-windows"
      Z_VCPKG_ROOT_DIR: "C:/Program Files/Microsoft Visual Studio/2022/Community/VC/vcpkg"
    buildResult:
      variable: "HAVE_STDDEF_H"
      cached: true
      stdout: |
        Change Dir: 'C:/Users/bahar/Programming/.cpp/Projects/Ping Pong/vcpkg_installed/vcpkg/blds/libogg/x64-windows-dbg/CMakeFiles/CMakeScratch/TryCompile-gnsa7l'
        
        Run Build Command(s): "C:/Program Files/Microsoft Visual Studio/2022/Community/Common7/IDE/CommonExtensions/Microsoft/CMake/Ninja/ninja.exe" -v cmTC_5d2ae
        [1/2] C:\\PROGRA~1\\MICROS~1\\2022\\COMMUN~1\\VC\\Tools\\MSVC\\1444~1.352\\bin\\Hostx64\\x64\\cl.exe  /nologo   /nologo /DWIN32 /D_WINDOWS /utf-8 /MP   /MDd /Z7 /Ob0 /Od /RTC1 /showIncludes /FoCMakeFiles\\cmTC_5d2ae.dir\\CheckIncludeFile.c.obj /FdCMakeFiles\\cmTC_5d2ae.dir\\ /FS -c "C:\\Users\\bahar\\Programming\\.cpp\\Projects\\Ping Pong\\vcpkg_installed\\vcpkg\\blds\\libogg\\x64-windows-dbg\\CMakeFiles\\CMakeScratch\\TryCompile-gnsa7l\\CheckIncludeFile.c"
        [2/2] C:\\WINDOWS\\system32\\cmd.exe /C "cd . && "C:\\Program Files\\Microsoft Visual Studio\\2022\\Community\\Common7\\IDE\\CommonExtensions\\Microsoft\\CMake\\CMake\\bin\\cmake.exe" -E vs_link_exe --msvc-ver=1944 --intdir=CMakeFiles\\cmTC_5d2ae.dir --rc=C:\\PROGRA~2\\WI3CF2~1\\10\\bin\\100261~1.0\\x64\\rc.exe --mt=C:\\PROGRA~2\\WI3CF2~1\\10\\bin\\100261~1.0\\x64\\mt.exe --manifests  -- C:\\PROGRA~1\\MICROS~1\\2022\\COMMUN~1\\VC\\Tools\\MSVC\\1444~1.352\\bin\\Hostx64\\x64\\link.exe /nologo CMakeFiles\\cmTC_5d2ae.dir\\CheckIncludeFile.c.obj  /out:cmTC_5d2ae.exe /implib:cmTC_5d2ae.lib /pdb:cmTC_5d2ae.pdb /version:0.0 /machine:x64  /nologo    /debug /INCREMENTAL /subsystem:console  kernel32.lib user32.lib gdi32.lib winspool.lib shell32.lib ole32.lib oleaut32.lib uuid.lib comdlg32.lib advapi32.lib && cd ."
        
      exitCode: 0
  -
    kind: "try_compile-v1"
    backtrace:
      - "C:/Program Files/Microsoft Visual Studio/2022/Community/Common7/IDE/CommonExtensions/Microsoft/CMake/CMake/share/cmake-3.31/Modules/CheckTypeSize.cmake:156 (try_compile)"
      - "C:/Program Files/Microsoft Visual Studio/2022/Community/Common7/IDE/CommonExtensions/Microsoft/CMake/CMake/share/cmake-3.31/Modules/CheckTypeSize.cmake:283 (__check_type_size_impl)"
      - "cmake/CheckSizes.cmake:3 (check_type_size)"
      - "CMakeLists.txt:69 (include)"
    checks:
      - "Check size of int16_t"
    directories:
      source: "C:/Users/bahar/Programming/.cpp/Projects/Ping Pong/vcpkg_installed/vcpkg/blds/libogg/x64-windows-dbg/CMakeFiles/CMakeScratch/TryCompile-l2tv4l"
      binary: "C:/Users/bahar/Programming/.cpp/Projects/Ping Pong/vcpkg_installed/vcpkg/blds/libogg/x64-windows-dbg/CMakeFiles/CMakeScratch/TryCompile-l2tv4l"
    cmakeVariables:
      CMAKE_C_FLAGS: " /nologo /DWIN32 /D_WINDOWS /utf-8 /MP "
      CMAKE_MODULE_PATH: "C:/Users/bahar/Programming/.cpp/Projects/Ping Pong/vcpkg_installed/vcpkg/blds/libogg/src/v1.3.5-1a4243fef9.clean/cmake"
      CMAKE_MSVC_DEBUG_INFORMATION_FORMAT: ""
      CMAKE_MSVC_RUNTIME_LIBRARY: "MultiThreaded$<$<CONFIG:Debug>:Debug>$<$<STREQUAL:dynamic,dynamic>:DLL>"
      VCPKG_CHAINLOAD_TOOLCHAIN_FILE: "C:/Program Files/Microsoft Visual Studio/2022/Community/VC/vcpkg/scripts/toolchains/windows.cmake"
      VCPKG_CRT_LINKAGE: "dynamic"
      VCPKG_CXX_FLAGS: ""
      VCPKG_CXX_FLAGS_DEBUG: ""
      VCPKG_CXX_FLAGS_RELEASE: ""
      VCPKG_C_FLAGS: ""
      VCPKG_C_FLAGS_DEBUG: ""
      VCPKG_C_FLAGS_RELEASE: ""
      VCPKG_INSTALLED_DIR: "C:/Users/bahar/Programming/.cpp/Projects/Ping Pong/vcpkg_installed"
      VCPKG_LINKER_FLAGS: ""
      VCPKG_LINKER_FLAGS_DEBUG: ""
      VCPKG_LINKER_FLAGS_RELEASE: ""
      VCPKG_PLATFORM_TOOLSET: "v143"
      VCPKG_PREFER_SYSTEM_LIBS: "OFF"
      VCPKG_SET_CHARSET_FLAG: "ON"
      VCPKG_TARGET_ARCHITECTURE: "x64"
      VCPKG_TARGET_TRIPLET: "x64-windows"
      Z_VCPKG_ROOT_DIR: "C:/Program Files/Microsoft Visual Studio/2022/Community/VC/vcpkg"
    buildResult:
      variable: "HAVE_INT16_SIZE"
      cached: true
      stdout: |
        Change Dir: 'C:/Users/bahar/Programming/.cpp/Projects/Ping Pong/vcpkg_installed/vcpkg/blds/libogg/x64-windows-dbg/CMakeFiles/CMakeScratch/TryCompile-l2tv4l'
        
        Run Build Command(s): "C:/Program Files/Microsoft Visual Studio/2022/Community/Common7/IDE/CommonExtensions/Microsoft/CMake/Ninja/ninja.exe" -v cmTC_4f3c7
        [1/2] C:\\PROGRA~1\\MICROS~1\\2022\\COMMUN~1\\VC\\Tools\\MSVC\\1444~1.352\\bin\\Hostx64\\x64\\cl.exe  /nologo   /nologo /DWIN32 /D_WINDOWS /utf-8 /MP   /MDd /Z7 /Ob0 /Od /RTC1 /showIncludes /FoCMakeFiles\\cmTC_4f3c7.dir\\INT16_SIZE.c.obj /FdCMakeFiles\\cmTC_4f3c7.dir\\ /FS -c "C:\\Users\\bahar\\Programming\\.cpp\\Projects\\Ping Pong\\vcpkg_installed\\vcpkg\\blds\\libogg\\x64-windows-dbg\\CMakeFiles\\CMakeScratch\\TryCompile-l2tv4l\\INT16_SIZE.c"
        [2/2] C:\\WINDOWS\\system32\\cmd.exe /C "cd . && "C:\\Program Files\\Microsoft Visual Studio\\2022\\Community\\Common7\\IDE\\CommonExtensions\\Microsoft\\CMake\\CMake\\bin\\cmake.exe" -E vs_link_exe --msvc-ver=1944 --intdir=CMakeFiles\\cmTC_4f3c7.dir --rc=C:\\PROGRA~2\\WI3CF2~1\\10\\bin\\100261~1.0\\x64\\rc.exe --mt=C:\\PROGRA~2\\WI3CF2~1\\10\\bin\\100261~1.0\\x64\\mt.exe --manifests  -- C:\\PROGRA~1\\MICROS~1\\2022\\COMMUN~1\\VC\\Tools\\MSVC\\1444~1.352\\bin\\Hostx64\\x64\\link.exe /nologo CMakeFiles\\cmTC_4f3c7.dir\\INT16_SIZE.c.obj  /out:cmTC_4f3c7.exe /implib:cmTC_4f3c7.lib /pdb:cmTC_4f3c7.pdb /version:0.0 /machine:x64  /nologo    /debug /INCREMENTAL /subsystem:console  kernel32.lib user32.lib gdi32.lib winspool.lib shell32.lib ole32.lib oleaut32.lib uuid.lib comdlg32.lib advapi32.lib && cd ."
        
      exitCode: 0
  -
    kind: "try_compile-v1"
    backtrace:
      - "C:/Program Files/Microsoft Visual Studio/2022/Community/Common7/IDE/CommonExtensions/Microsoft/CMake/CMake/share/cmake-3.31/Modules/CheckTypeSize.cmake:156 (try_compile)"
      - "C:/Program Files/Microsoft Visual Studio/2022/Community/Common7/IDE/CommonExtensions/Microsoft/CMake/CMake/share/cmake-3.31/Modules/CheckTypeSize.cmake:283 (__check_type_size_impl)"
      - "cmake/CheckSizes.cmake:4 (check_type_size)"
      - "CMakeLists.txt:69 (include)"
    checks:
      - "Check size of uint16_t"
    directories:
      source: "C:/Users/bahar/Programming/.cpp/Projects/Ping Pong/vcpkg_installed/vcpkg/blds/libogg/x64-windows-dbg/CMakeFiles/CMakeScratch/TryCompile-32gpca"
      binary: "C:/Users/bahar/Programming/.cpp/Projects/Ping Pong/vcpkg_installed/vcpkg/blds/libogg/x64-windows-dbg/CMakeFiles/CMakeScratch/TryCompile-32gpca"
    cmakeVariables:
      CMAKE_C_FLAGS: " /nologo /DWIN32 /D_WINDOWS /utf-8 /MP "
      CMAKE_MODULE_PATH: "C:/Users/bahar/Programming/.cpp/Projects/Ping Pong/vcpkg_installed/vcpkg/blds/libogg/src/v1.3.5-1a4243fef9.clean/cmake"
      CMAKE_MSVC_DEBUG_INFORMATION_FORMAT: ""
      CMAKE_MSVC_RUNTIME_LIBRARY: "MultiThreaded$<$<CONFIG:Debug>:Debug>$<$<STREQUAL:dynamic,dynamic>:DLL>"
      VCPKG_CHAINLOAD_TOOLCHAIN_FILE: "C:/Program Files/Microsoft Visual Studio/2022/Community/VC/vcpkg/scripts/toolchains/windows.cmake"
      VCPKG_CRT_LINKAGE: "dynamic"
      VCPKG_CXX_FLAGS: ""
      VCPKG_CXX_FLAGS_DEBUG: ""
      VCPKG_CXX_FLAGS_RELEASE: ""
      VCPKG_C_FLAGS: ""
      VCPKG_C_FLAGS_DEBUG: ""
      VCPKG_C_FLAGS_RELEASE: ""
      VCPKG_INSTALLED_DIR: "C:/Users/bahar/Programming/.cpp/Projects/Ping Pong/vcpkg_installed"
      VCPKG_LINKER_FLAGS: ""
      VCPKG_LINKER_FLAGS_DEBUG: ""
      VCPKG_LINKER_FLAGS_RELEASE: ""
      VCPKG_PLATFORM_TOOLSET: "v143"
      VCPKG_PREFER_SYSTEM_LIBS: "OFF"
      VCPKG_SET_CHARSET_FLAG: "ON"
      VCPKG_TARGET_ARCHITECTURE: "x64"
      VCPKG_TARGET_TRIPLET: "x64-windows"
      Z_VCPKG_ROOT_DIR: "C:/Program Files/Microsoft Visual Studio/2022/Community/VC/vcpkg"
    buildResult:
      variable: "HAVE_UINT16_SIZE"
      cached: true
      stdout: |
        Change Dir: 'C:/Users/bahar/Programming/.cpp/Projects/Ping Pong/vcpkg_installed/vcpkg/blds/libogg/x64-windows-dbg/CMakeFiles/CMakeScratch/TryCompile-32gpca'
        
        Run Build Command(s): "C:/Program Files/Microsoft Visual Studio/2022/Community/Common7/IDE/CommonExtensions/Microsoft/CMake/Ninja/ninja.exe" -v cmTC_0133d
        [1/2] C:\\PROGRA~1\\MICROS~1\\2022\\COMMUN~1\\VC\\Tools\\MSVC\\1444~1.352\\bin\\Hostx64\\x64\\cl.exe  /nologo   /nologo /DWIN32 /D_WINDOWS /utf-8 /MP   /MDd /Z7 /Ob0 /Od /RTC1 /showIncludes /FoCMakeFiles\\cmTC_0133d.dir\\UINT16_SIZE.c.obj /FdCMakeFiles\\cmTC_0133d.dir\\ /FS -c "C:\\Users\\bahar\\Programming\\.cpp\\Projects\\Ping Pong\\vcpkg_installed\\vcpkg\\blds\\libogg\\x64-windows-dbg\\CMakeFiles\\CMakeScratch\\TryCompile-32gpca\\UINT16_SIZE.c"
        [2/2] C:\\WINDOWS\\system32\\cmd.exe /C "cd . && "C:\\Program Files\\Microsoft Visual Studio\\2022\\Community\\Common7\\IDE\\CommonExtensions\\Microsoft\\CMake\\CMake\\bin\\cmake.exe" -E vs_link_exe --msvc-ver=1944 --intdir=CMakeFiles\\cmTC_0133d.dir --rc=C:\\PROGRA~2\\WI3CF2~1\\10\\bin\\100261~1.0\\x64\\rc.exe --mt=C:\\PROGRA~2\\WI3CF2~1\\10\\bin\\100261~1.0\\x64\\mt.exe --manifests  -- C:\\PROGRA~1\\MICROS~1\\2022\\COMMUN~1\\VC\\Tools\\MSVC\\1444~1.352\\bin\\Hostx64\\x64\\link.exe /nologo CMakeFiles\\cmTC_0133d.dir\\UINT16_SIZE.c.obj  /out:cmTC_0133d.exe /implib:cmTC_0133d.lib /pdb:cmTC_0133d.pdb /version:0.0 /machine:x64  /nologo    /debug /INCREMENTAL /subsystem:console  kernel32.lib user32.lib gdi32.lib winspool.lib shell32.lib ole32.lib oleaut32.lib uuid.lib comdlg32.lib advapi32.lib && cd ."
        
      exitCode: 0
  -
    kind: "try_compile-v1"
    backtrace:
      - "C:/Program Files/Microsoft Visual Studio/2022/Community/Common7/IDE/CommonExtensions/Microsoft/CMake/CMake/share/cmake-3.31/Modules/CheckTypeSize.cmake:156 (try_compile)"
      - "C:/Program Files/Microsoft Visual Studio/2022/Community/Common7/IDE/CommonExtensions/Microsoft/CMake/CMake/share/cmake-3.31/Modules/CheckTypeSize.cmake:283 (__check_type_size_impl)"
      - "cmake/CheckSizes.cmake:5 (check_type_size)"
      - "CMakeLists.txt:69 (include)"
    checks:
      - "Check size of u_int16_t"
    directories:
      source: "C:/Users/bahar/Programming/.cpp/Projects/Ping Pong/vcpkg_installed/vcpkg/blds/libogg/x64-windows-dbg/CMakeFiles/CMakeScratch/TryCompile-5e1fvu"
      binary: "C:/Users/bahar/Programming/.cpp/Projects/Ping Pong/vcpkg_installed/vcpkg/blds/libogg/x64-windows-dbg/CMakeFiles/CMakeScratch/TryCompile-5e1fvu"
    cmakeVariables:
      CMAKE_C_FLAGS: " /nologo /DWIN32 /D_WINDOWS /utf-8 /MP "
      CMAKE_MODULE_PATH: "C:/Users/bahar/Programming/.cpp/Projects/Ping Pong/vcpkg_installed/vcpkg/blds/libogg/src/v1.3.5-1a4243fef9.clean/cmake"
      CMAKE_MSVC_DEBUG_INFORMATION_FORMAT: ""
      CMAKE_MSVC_RUNTIME_LIBRARY: "MultiThreaded$<$<CONFIG:Debug>:Debug>$<$<STREQUAL:dynamic,dynamic>:DLL>"
      VCPKG_CHAINLOAD_TOOLCHAIN_FILE: "C:/Program Files/Microsoft Visual Studio/2022/Community/VC/vcpkg/scripts/toolchains/windows.cmake"
      VCPKG_CRT_LINKAGE: "dynamic"
      VCPKG_CXX_FLAGS: ""
      VCPKG_CXX_FLAGS_DEBUG: ""
      VCPKG_CXX_FLAGS_RELEASE: ""
      VCPKG_C_FLAGS: ""
      VCPKG_C_FLAGS_DEBUG: ""
      VCPKG_C_FLAGS_RELEASE: ""
      VCPKG_INSTALLED_DIR: "C:/Users/bahar/Programming/.cpp/Projects/Ping Pong/vcpkg_installed"
      VCPKG_LINKER_FLAGS: ""
      VCPKG_LINKER_FLAGS_DEBUG: ""
      VCPKG_LINKER_FLAGS_RELEASE: ""
      VCPKG_PLATFORM_TOOLSET: "v143"
      VCPKG_PREFER_SYSTEM_LIBS: "OFF"
      VCPKG_SET_CHARSET_FLAG: "ON"
      VCPKG_TARGET_ARCHITECTURE: "x64"
      VCPKG_TARGET_TRIPLET: "x64-windows"
      Z_VCPKG_ROOT_DIR: "C:/Program Files/Microsoft Visual Studio/2022/Community/VC/vcpkg"
    buildResult:
      variable: "HAVE_U_INT16_SIZE"
      cached: true
      stdout: |
        Change Dir: 'C:/Users/bahar/Programming/.cpp/Projects/Ping Pong/vcpkg_installed/vcpkg/blds/libogg/x64-windows-dbg/CMakeFiles/CMakeScratch/TryCompile-5e1fvu'
        
        Run Build Command(s): "C:/Program Files/Microsoft Visual Studio/2022/Community/Common7/IDE/CommonExtensions/Microsoft/CMake/Ninja/ninja.exe" -v cmTC_e8281
        [1/2] C:\\PROGRA~1\\MICROS~1\\2022\\COMMUN~1\\VC\\Tools\\MSVC\\1444~1.352\\bin\\Hostx64\\x64\\cl.exe  /nologo   /nologo /DWIN32 /D_WINDOWS /utf-8 /MP   /MDd /Z7 /Ob0 /Od /RTC1 /showIncludes /FoCMakeFiles\\cmTC_e8281.dir\\U_INT16_SIZE.c.obj /FdCMakeFiles\\cmTC_e8281.dir\\ /FS -c "C:\\Users\\bahar\\Programming\\.cpp\\Projects\\Ping Pong\\vcpkg_installed\\vcpkg\\blds\\libogg\\x64-windows-dbg\\CMakeFiles\\CMakeScratch\\TryCompile-5e1fvu\\U_INT16_SIZE.c"
        FAILED: CMakeFiles/cmTC_e8281.dir/U_INT16_SIZE.c.obj 
        C:\\PROGRA~1\\MICROS~1\\2022\\COMMUN~1\\VC\\Tools\\MSVC\\1444~1.352\\bin\\Hostx64\\x64\\cl.exe  /nologo   /nologo /DWIN32 /D_WINDOWS /utf-8 /MP   /MDd /Z7 /Ob0 /Od /RTC1 /showIncludes /FoCMakeFiles\\cmTC_e8281.dir\\U_INT16_SIZE.c.obj /FdCMakeFiles\\cmTC_e8281.dir\\ /FS -c "C:\\Users\\bahar\\Programming\\.cpp\\Projects\\Ping Pong\\vcpkg_installed\\vcpkg\\blds\\libogg\\x64-windows-dbg\\CMakeFiles\\CMakeScratch\\TryCompile-5e1fvu\\U_INT16_SIZE.c"
        C:\\Users\\bahar\\Programming\\.cpp\\Projects\\Ping Pong\\vcpkg_installed\\vcpkg\\blds\\libogg\\x64-windows-dbg\\CMakeFiles\\CMakeScratch\\TryCompile-5e1fvu\\U_INT16_SIZE.c(29): error C2065: u_int16_t: необъявленный идентификатор
        C:\\Users\\bahar\\Programming\\.cpp\\Projects\\Ping Pong\\vcpkg_installed\\vcpkg\\blds\\libogg\\x64-windows-dbg\\CMakeFiles\\CMakeScratch\\TryCompile-5e1fvu\\U_INT16_SIZE.c(30): error C2065: u_int16_t: необъявленный идентификатор
        C:\\Users\\bahar\\Programming\\.cpp\\Projects\\Ping Pong\\vcpkg_installed\\vcpkg\\blds\\libogg\\x64-windows-dbg\\CMakeFiles\\CMakeScratch\\TryCompile-5e1fvu\\U_INT16_SIZE.c(31): error C2065: u_int16_t: необъявленный идентификатор
        C:\\Users\\bahar\\Programming\\.cpp\\Projects\\Ping Pong\\vcpkg_installed\\vcpkg\\blds\\libogg\\x64-windows-dbg\\CMakeFiles\\CMakeScratch\\TryCompile-5e1fvu\\U_INT16_SIZE.c(32): error C2065: u_int16_t: необъявленный идентификатор
        C:\\Users\\bahar\\Programming\\.cpp\\Projects\\Ping Pong\\vcpkg_installed\\vcpkg\\blds\\libogg\\x64-windows-dbg\\CMakeFiles\\CMakeScratch\\TryCompile-5e1fvu\\U_INT16_SIZE.c(33): error C2065: u_int16_t: необъявленный идентификатор
        ninja: build stopped: subcommand failed.
        
      exitCode: 1
  -
    kind: "try_compile-v1"
    backtrace:
      - "C:/Program Files/Microsoft Visual Studio/2022/Community/Common7/IDE/CommonExtensions/Microsoft/CMake/CMake/share/cmake-3.31/Modules/CheckTypeSize.cmake:156 (try_compile)"
      - "C:/Program Files/Microsoft Visual Studio/2022/Community/Common7/IDE/CommonExtensions/Microsoft/CMake/CMake/share/cmake-3.31/Modules/CheckTypeSize.cmake:283 (__check_type_size_impl)"
      - "cmake/CheckSizes.cmake:6 (check_type_size)"
      - "CMakeLists.txt:69 (include)"
    checks:
      - "Check size of int32_t"
    directories:
      source: "C:/Users/bahar/Programming/.cpp/Projects/Ping Pong/vcpkg_installed/vcpkg/blds/libogg/x64-windows-dbg/CMakeFiles/CMakeScratch/TryCompile-1crgdh"
      binary: "C:/Users/bahar/Programming/.cpp/Projects/Ping Pong/vcpkg_installed/vcpkg/blds/libogg/x64-windows-dbg/CMakeFiles/CMakeScratch/TryCompile-1crgdh"
    cmakeVariables:
      CMAKE_C_FLAGS: " /nologo /DWIN32 /D_WINDOWS /utf-8 /MP "
      CMAKE_MODULE_PATH: "C:/Users/bahar/Programming/.cpp/Projects/Ping Pong/vcpkg_installed/vcpkg/blds/libogg/src/v1.3.5-1a4243fef9.clean/cmake"
      CMAKE_MSVC_DEBUG_INFORMATION_FORMAT: ""
      CMAKE_MSVC_RUNTIME_LIBRARY: "MultiThreaded$<$<CONFIG:Debug>:Debug>$<$<STREQUAL:dynamic,dynamic>:DLL>"
      VCPKG_CHAINLOAD_TOOLCHAIN_FILE: "C:/Program Files/Microsoft Visual Studio/2022/Community/VC/vcpkg/scripts/toolchains/windows.cmake"
      VCPKG_CRT_LINKAGE: "dynamic"
      VCPKG_CXX_FLAGS: ""
      VCPKG_CXX_FLAGS_DEBUG: ""
      VCPKG_CXX_FLAGS_RELEASE: ""
      VCPKG_C_FLAGS: ""
      VCPKG_C_FLAGS_DEBUG: ""
      VCPKG_C_FLAGS_RELEASE: ""
      VCPKG_INSTALLED_DIR: "C:/Users/bahar/Programming/.cpp/Projects/Ping Pong/vcpkg_installed"
      VCPKG_LINKER_FLAGS: ""
      VCPKG_LINKER_FLAGS_DEBUG: ""
      VCPKG_LINKER_FLAGS_RELEASE: ""
      VCPKG_PLATFORM_TOOLSET: "v143"
      VCPKG_PREFER_SYSTEM_LIBS: "OFF"
      VCPKG_SET_CHARSET_FLAG: "ON"
      VCPKG_TARGET_ARCHITECTURE: "x64"
      VCPKG_TARGET_TRIPLET: "x64-windows"
      Z_VCPKG_ROOT_DIR: "C:/Program Files/Microsoft Visual Studio/2022/Community/VC/vcpkg"
    buildResult:
      variable: "HAVE_INT32_SIZE"
      cached: true
      stdout: |
        Change Dir: 'C:/Users/bahar/Programming/.cpp/Projects/Ping Pong/vcpkg_installed/vcpkg/blds/libogg/x64-windows-dbg/CMakeFiles/CMakeScratch/TryCompile-1crgdh'
        
        Run Build Command(s): "C:/Program Files/Microsoft Visual Studio/2022/Community/Common7/IDE/CommonExtensions/Microsoft/CMake/Ninja/ninja.exe" -v cmTC_3a338
        [1/2] C:\\PROGRA~1\\MICROS~1\\2022\\COMMUN~1\\VC\\Tools\\MSVC\\1444~1.352\\bin\\Hostx64\\x64\\cl.exe  /nologo   /nologo /DWIN32 /D_WINDOWS /utf-8 /MP   /MDd /Z7 /Ob0 /Od /RTC1 /showIncludes /FoCMakeFiles\\cmTC_3a338.dir\\INT32_SIZE.c.obj /FdCMakeFiles\\cmTC_3a338.dir\\ /FS -c "C:\\Users\\bahar\\Programming\\.cpp\\Projects\\Ping Pong\\vcpkg_installed\\vcpkg\\blds\\libogg\\x64-windows-dbg\\CMakeFiles\\CMakeScratch\\TryCompile-1crgdh\\INT32_SIZE.c"
        [2/2] C:\\WINDOWS\\system32\\cmd.exe /C "cd . && "C:\\Program Files\\Microsoft Visual Studio\\2022\\Community\\Common7\\IDE\\CommonExtensions\\Microsoft\\CMake\\CMake\\bin\\cmake.exe" -E vs_link_exe --msvc-ver=1944 --intdir=CMakeFiles\\cmTC_3a338.dir --rc=C:\\PROGRA~2\\WI3CF2~1\\10\\bin\\100261~1.0\\x64\\rc.exe --mt=C:\\PROGRA~2\\WI3CF2~1\\10\\bin\\100261~1.0\\x64\\mt.exe --manifests  -- C:\\PROGRA~1\\MICROS~1\\2022\\COMMUN~1\\VC\\Tools\\MSVC\\1444~1.352\\bin\\Hostx64\\x64\\link.exe /nologo CMakeFiles\\cmTC_3a338.dir\\INT32_SIZE.c.obj  /out:cmTC_3a338.exe /implib:cmTC_3a338.lib /pdb:cmTC_3a338.pdb /version:0.0 /machine:x64  /nologo    /debug /INCREMENTAL /subsystem:console  kernel32.lib user32.lib gdi32.lib winspool.lib shell32.lib ole32.lib oleaut32.lib uuid.lib comdlg32.lib advapi32.lib && cd ."
        
      exitCode: 0
  -
    kind: "try_compile-v1"
    backtrace:
      - "C:/Program Files/Microsoft Visual Studio/2022/Community/Common7/IDE/CommonExtensions/Microsoft/CMake/CMake/share/cmake-3.31/Modules/CheckTypeSize.cmake:156 (try_compile)"
      - "C:/Program Files/Microsoft Visual Studio/2022/Community/Common7/IDE/CommonExtensions/Microsoft/CMake/CMake/share/cmake-3.31/Modules/CheckTypeSize.cmake:283 (__check_type_size_impl)"
      - "cmake/CheckSizes.cmake:7 (check_type_size)"
      - "CMakeLists.txt:69 (include)"
    checks:
      - "Check size of uint32_t"
    directories:
      source: "C:/Users/bahar/Programming/.cpp/Projects/Ping Pong/vcpkg_installed/vcpkg/blds/libogg/x64-windows-dbg/CMakeFiles/CMakeScratch/TryCompile-agj2l1"
      binary: "C:/Users/bahar/Programming/.cpp/Projects/Ping Pong/vcpkg_installed/vcpkg/blds/libogg/x64-windows-dbg/CMakeFiles/CMakeScratch/TryCompile-agj2l1"
    cmakeVariables:
      CMAKE_C_FLAGS: " /nologo /DWIN32 /D_WINDOWS /utf-8 /MP "
      CMAKE_MODULE_PATH: "C:/Users/bahar/Programming/.cpp/Projects/Ping Pong/vcpkg_installed/vcpkg/blds/libogg/src/v1.3.5-1a4243fef9.clean/cmake"
      CMAKE_MSVC_DEBUG_INFORMATION_FORMAT: ""
      CMAKE_MSVC_RUNTIME_LIBRARY: "MultiThreaded$<$<CONFIG:Debug>:Debug>$<$<STREQUAL:dynamic,dynamic>:DLL>"
      VCPKG_CHAINLOAD_TOOLCHAIN_FILE: "C:/Program Files/Microsoft Visual Studio/2022/Community/VC/vcpkg/scripts/toolchains/windows.cmake"
      VCPKG_CRT_LINKAGE: "dynamic"
      VCPKG_CXX_FLAGS: ""
      VCPKG_CXX_FLAGS_DEBUG: ""
      VCPKG_CXX_FLAGS_RELEASE: ""
      VCPKG_C_FLAGS: ""
      VCPKG_C_FLAGS_DEBUG: ""
      VCPKG_C_FLAGS_RELEASE: ""
      VCPKG_INSTALLED_DIR: "C:/Users/bahar/Programming/.cpp/Projects/Ping Pong/vcpkg_installed"
      VCPKG_LINKER_FLAGS: ""
      VCPKG_LINKER_FLAGS_DEBUG: ""
      VCPKG_LINKER_FLAGS_RELEASE: ""
      VCPKG_PLATFORM_TOOLSET: "v143"
      VCPKG_PREFER_SYSTEM_LIBS: "OFF"
      VCPKG_SET_CHARSET_FLAG: "ON"
      VCPKG_TARGET_ARCHITECTURE: "x64"
      VCPKG_TARGET_TRIPLET: "x64-windows"
      Z_VCPKG_ROOT_DIR: "C:/Program Files/Microsoft Visual Studio/2022/Community/VC/vcpkg"
    buildResult:
      variable: "HAVE_UINT32_SIZE"
      cached: true
      stdout: |
        Change Dir: 'C:/Users/bahar/Programming/.cpp/Projects/Ping Pong/vcpkg_installed/vcpkg/blds/libogg/x64-windows-dbg/CMakeFiles/CMakeScratch/TryCompile-agj2l1'
        
        Run Build Command(s): "C:/Program Files/Microsoft Visual Studio/2022/Community/Common7/IDE/CommonExtensions/Microsoft/CMake/Ninja/ninja.exe" -v cmTC_f1825
        [1/2] C:\\PROGRA~1\\MICROS~1\\2022\\COMMUN~1\\VC\\Tools\\MSVC\\1444~1.352\\bin\\Hostx64\\x64\\cl.exe  /nologo   /nologo /DWIN32 /D_WINDOWS /utf-8 /MP   /MDd /Z7 /Ob0 /Od /RTC1 /showIncludes /FoCMakeFiles\\cmTC_f1825.dir\\UINT32_SIZE.c.obj /FdCMakeFiles\\cmTC_f1825.dir\\ /FS -c "C:\\Users\\bahar\\Programming\\.cpp\\Projects\\Ping Pong\\vcpkg_installed\\vcpkg\\blds\\libogg\\x64-windows-dbg\\CMakeFiles\\CMakeScratch\\TryCompile-agj2l1\\UINT32_SIZE.c"
        [2/2] C:\\WINDOWS\\system32\\cmd.exe /C "cd . && "C:\\Program Files\\Microsoft Visual Studio\\2022\\Community\\Common7\\IDE\\CommonExtensions\\Microsoft\\CMake\\CMake\\bin\\cmake.exe" -E vs_link_exe --msvc-ver=1944 --intdir=CMakeFiles\\cmTC_f1825.dir --rc=C:\\PROGRA~2\\WI3CF2~1\\10\\bin\\100261~1.0\\x64\\rc.exe --mt=C:\\PROGRA~2\\WI3CF2~1\\10\\bin\\100261~1.0\\x64\\mt.exe --manifests  -- C:\\PROGRA~1\\MICROS~1\\2022\\COMMUN~1\\VC\\Tools\\MSVC\\1444~1.352\\bin\\Hostx64\\x64\\link.exe /nologo CMakeFiles\\cmTC_f1825.dir\\UINT32_SIZE.c.obj  /out:cmTC_f1825.exe /implib:cmTC_f1825.lib /pdb:cmTC_f1825.pdb /version:0.0 /machine:x64  /nologo    /debug /INCREMENTAL /subsystem:console  kernel32.lib user32.lib gdi32.lib winspool.lib shell32.lib ole32.lib oleaut32.lib uuid.lib comdlg32.lib advapi32.lib && cd ."
        
      exitCode: 0
  -
    kind: "try_compile-v1"
    backtrace:
      - "C:/Program Files/Microsoft Visual Studio/2022/Community/Common7/IDE/CommonExtensions/Microsoft/CMake/CMake/share/cmake-3.31/Modules/CheckTypeSize.cmake:156 (try_compile)"
      - "C:/Program Files/Microsoft Visual Studio/2022/Community/Common7/IDE/CommonExtensions/Microsoft/CMake/CMake/share/cmake-3.31/Modules/CheckTypeSize.cmake:283 (__check_type_size_impl)"
      - "cmake/CheckSizes.cmake:8 (check_type_size)"
      - "CMakeLists.txt:69 (include)"
    checks:
      - "Check size of u_int32_t"
    directories:
      source: "C:/Users/bahar/Programming/.cpp/Projects/Ping Pong/vcpkg_installed/vcpkg/blds/libogg/x64-windows-dbg/CMakeFiles/CMakeScratch/TryCompile-pt7nea"
      binary: "C:/Users/bahar/Programming/.cpp/Projects/Ping Pong/vcpkg_installed/vcpkg/blds/libogg/x64-windows-dbg/CMakeFiles/CMakeScratch/TryCompile-pt7nea"
    cmakeVariables:
      CMAKE_C_FLAGS: " /nologo /DWIN32 /D_WINDOWS /utf-8 /MP "
      CMAKE_MODULE_PATH: "C:/Users/bahar/Programming/.cpp/Projects/Ping Pong/vcpkg_installed/vcpkg/blds/libogg/src/v1.3.5-1a4243fef9.clean/cmake"
      CMAKE_MSVC_DEBUG_INFORMATION_FORMAT: ""
      CMAKE_MSVC_RUNTIME_LIBRARY: "MultiThreaded$<$<CONFIG:Debug>:Debug>$<$<STREQUAL:dynamic,dynamic>:DLL>"
      VCPKG_CHAINLOAD_TOOLCHAIN_FILE: "C:/Program Files/Microsoft Visual Studio/2022/Community/VC/vcpkg/scripts/toolchains/windows.cmake"
      VCPKG_CRT_LINKAGE: "dynamic"
      VCPKG_CXX_FLAGS: ""
      VCPKG_CXX_FLAGS_DEBUG: ""
      VCPKG_CXX_FLAGS_RELEASE: ""
      VCPKG_C_FLAGS: ""
      VCPKG_C_FLAGS_DEBUG: ""
      VCPKG_C_FLAGS_RELEASE: ""
      VCPKG_INSTALLED_DIR: "C:/Users/bahar/Programming/.cpp/Projects/Ping Pong/vcpkg_installed"
      VCPKG_LINKER_FLAGS: ""
      VCPKG_LINKER_FLAGS_DEBUG: ""
      VCPKG_LINKER_FLAGS_RELEASE: ""
      VCPKG_PLATFORM_TOOLSET: "v143"
      VCPKG_PREFER_SYSTEM_LIBS: "OFF"
      VCPKG_SET_CHARSET_FLAG: "ON"
      VCPKG_TARGET_ARCHITECTURE: "x64"
      VCPKG_TARGET_TRIPLET: "x64-windows"
      Z_VCPKG_ROOT_DIR: "C:/Program Files/Microsoft Visual Studio/2022/Community/VC/vcpkg"
    buildResult:
      variable: "HAVE_U_INT32_SIZE"
      cached: true
      stdout: |
        Change Dir: 'C:/Users/bahar/Programming/.cpp/Projects/Ping Pong/vcpkg_installed/vcpkg/blds/libogg/x64-windows-dbg/CMakeFiles/CMakeScratch/TryCompile-pt7nea'
        
        Run Build Command(s): "C:/Program Files/Microsoft Visual Studio/2022/Community/Common7/IDE/CommonExtensions/Microsoft/CMake/Ninja/ninja.exe" -v cmTC_8b4fe
        [1/2] C:\\PROGRA~1\\MICROS~1\\2022\\COMMUN~1\\VC\\Tools\\MSVC\\1444~1.352\\bin\\Hostx64\\x64\\cl.exe  /nologo   /nologo /DWIN32 /D_WINDOWS /utf-8 /MP   /MDd /Z7 /Ob0 /Od /RTC1 /showIncludes /FoCMakeFiles\\cmTC_8b4fe.dir\\U_INT32_SIZE.c.obj /FdCMakeFiles\\cmTC_8b4fe.dir\\ /FS -c "C:\\Users\\bahar\\Programming\\.cpp\\Projects\\Ping Pong\\vcpkg_installed\\vcpkg\\blds\\libogg\\x64-windows-dbg\\CMakeFiles\\CMakeScratch\\TryCompile-pt7nea\\U_INT32_SIZE.c"
        FAILED: CMakeFiles/cmTC_8b4fe.dir/U_INT32_SIZE.c.obj 
        C:\\PROGRA~1\\MICROS~1\\2022\\COMMUN~1\\VC\\Tools\\MSVC\\1444~1.352\\bin\\Hostx64\\x64\\cl.exe  /nologo   /nologo /DWIN32 /D_WINDOWS /utf-8 /MP   /MDd /Z7 /Ob0 /Od /RTC1 /showIncludes /FoCMakeFiles\\cmTC_8b4fe.dir\\U_INT32_SIZE.c.obj /FdCMakeFiles\\cmTC_8b4fe.dir\\ /FS -c "C:\\Users\\bahar\\Programming\\.cpp\\Projects\\Ping Pong\\vcpkg_installed\\vcpkg\\blds\\libogg\\x64-windows-dbg\\CMakeFiles\\CMakeScratch\\TryCompile-pt7nea\\U_INT32_SIZE.c"
        C:\\Users\\bahar\\Programming\\.cpp\\Projects\\Ping Pong\\vcpkg_installed\\vcpkg\\blds\\libogg\\x64-windows-dbg\\CMakeFiles\\CMakeScratch\\TryCompile-pt7nea\\U_INT32_SIZE.c(29): error C2065: u_int32_t: необъявленный идентификатор
        C:\\Users\\bahar\\Programming\\.cpp\\Projects\\Ping Pong\\vcpkg_installed\\vcpkg\\blds\\libogg\\x64-windows-dbg\\CMakeFiles\\CMakeScratch\\TryCompile-pt7nea\\U_INT32_SIZE.c(30): error C2065: u_int32_t: необъявленный идентификатор
        C:\\Users\\bahar\\Programming\\.cpp\\Projects\\Ping Pong\\vcpkg_installed\\vcpkg\\blds\\libogg\\x64-windows-dbg\\CMakeFiles\\CMakeScratch\\TryCompile-pt7nea\\U_INT32_SIZE.c(31): error C2065: u_int32_t: необъявленный идентификатор
        C:\\Users\\bahar\\Programming\\.cpp\\Projects\\Ping Pong\\vcpkg_installed\\vcpkg\\blds\\libogg\\x64-windows-dbg\\CMakeFiles\\CMakeScratch\\TryCompile-pt7nea\\U_INT32_SIZE.c(32): error C2065: u_int32_t: необъявленный идентификатор
        C:\\Users\\bahar\\Programming\\.cpp\\Projects\\Ping Pong\\vcpkg_installed\\vcpkg\\blds\\libogg\\x64-windows-dbg\\CMakeFiles\\CMakeScratch\\TryCompile-pt7nea\\U_INT32_SIZE.c(33): error C2065: u_int32_t: необъявленный идентификатор
        ninja: build stopped: subcommand failed.
        
      exitCode: 1
  -
    kind: "try_compile-v1"
    backtrace:
      - "C:/Program Files/Microsoft Visual Studio/2022/Community/Common7/IDE/CommonExtensions/Microsoft/CMake/CMake/share/cmake-3.31/Modules/CheckTypeSize.cmake:156 (try_compile)"
      - "C:/Program Files/Microsoft Visual Studio/2022/Community/Common7/IDE/CommonExtensions/Microsoft/CMake/CMake/share/cmake-3.31/Modules/CheckTypeSize.cmake:283 (__check_type_size_impl)"
      - "cmake/CheckSizes.cmake:9 (check_type_size)"
      - "CMakeLists.txt:69 (include)"
    checks:
      - "Check size of int64_t"
    directories:
      source: "C:/Users/bahar/Programming/.cpp/Projects/Ping Pong/vcpkg_installed/vcpkg/blds/libogg/x64-windows-dbg/CMakeFiles/CMakeScratch/TryCompile-s05oio"
      binary: "C:/Users/bahar/Programming/.cpp/Projects/Ping Pong/vcpkg_installed/vcpkg/blds/libogg/x64-windows-dbg/CMakeFiles/CMakeScratch/TryCompile-s05oio"
    cmakeVariables:
      CMAKE_C_FLAGS: " /nologo /DWIN32 /D_WINDOWS /utf-8 /MP "
      CMAKE_MODULE_PATH: "C:/Users/bahar/Programming/.cpp/Projects/Ping Pong/vcpkg_installed/vcpkg/blds/libogg/src/v1.3.5-1a4243fef9.clean/cmake"
      CMAKE_MSVC_DEBUG_INFORMATION_FORMAT: ""
      CMAKE_MSVC_RUNTIME_LIBRARY: "MultiThreaded$<$<CONFIG:Debug>:Debug>$<$<STREQUAL:dynamic,dynamic>:DLL>"
      VCPKG_CHAINLOAD_TOOLCHAIN_FILE: "C:/Program Files/Microsoft Visual Studio/2022/Community/VC/vcpkg/scripts/toolchains/windows.cmake"
      VCPKG_CRT_LINKAGE: "dynamic"
      VCPKG_CXX_FLAGS: ""
      VCPKG_CXX_FLAGS_DEBUG: ""
      VCPKG_CXX_FLAGS_RELEASE: ""
      VCPKG_C_FLAGS: ""
      VCPKG_C_FLAGS_DEBUG: ""
      VCPKG_C_FLAGS_RELEASE: ""
      VCPKG_INSTALLED_DIR: "C:/Users/bahar/Programming/.cpp/Projects/Ping Pong/vcpkg_installed"
      VCPKG_LINKER_FLAGS: ""
      VCPKG_LINKER_FLAGS_DEBUG: ""
      VCPKG_LINKER_FLAGS_RELEASE: ""
      VCPKG_PLATFORM_TOOLSET: "v143"
      VCPKG_PREFER_SYSTEM_LIBS: "OFF"
      VCPKG_SET_CHARSET_FLAG: "ON"
      VCPKG_TARGET_ARCHITECTURE: "x64"
      VCPKG_TARGET_TRIPLET: "x64-windows"
      Z_VCPKG_ROOT_DIR: "C:/Program Files/Microsoft Visual Studio/2022/Community/VC/vcpkg"
    buildResult:
      variable: "HAVE_INT64_SIZE"
      cached: true
      stdout: |
        Change Dir: 'C:/Users/bahar/Programming/.cpp/Projects/Ping Pong/vcpkg_installed/vcpkg/blds/libogg/x64-windows-dbg/CMakeFiles/CMakeScratch/TryCompile-s05oio'
        
        Run Build Command(s): "C:/Program Files/Microsoft Visual Studio/2022/Community/Common7/IDE/CommonExtensions/Microsoft/CMake/Ninja/ninja.exe" -v cmTC_d8910
        [1/2] C:\\PROGRA~1\\MICROS~1\\2022\\COMMUN~1\\VC\\Tools\\MSVC\\1444~1.352\\bin\\Hostx64\\x64\\cl.exe  /nologo   /nologo /DWIN32 /D_WINDOWS /utf-8 /MP   /MDd /Z7 /Ob0 /Od /RTC1 /showIncludes /FoCMakeFiles\\cmTC_d8910.dir\\INT64_SIZE.c.obj /FdCMakeFiles\\cmTC_d8910.dir\\ /FS -c "C:\\Users\\bahar\\Programming\\.cpp\\Projects\\Ping Pong\\vcpkg_installed\\vcpkg\\blds\\libogg\\x64-windows-dbg\\CMakeFiles\\CMakeScratch\\TryCompile-s05oio\\INT64_SIZE.c"
        [2/2] C:\\WINDOWS\\system32\\cmd.exe /C "cd . && "C:\\Program Files\\Microsoft Visual Studio\\2022\\Community\\Common7\\IDE\\CommonExtensions\\Microsoft\\CMake\\CMake\\bin\\cmake.exe" -E vs_link_exe --msvc-ver=1944 --intdir=CMakeFiles\\cmTC_d8910.dir --rc=C:\\PROGRA~2\\WI3CF2~1\\10\\bin\\100261~1.0\\x64\\rc.exe --mt=C:\\PROGRA~2\\WI3CF2~1\\10\\bin\\100261~1.0\\x64\\mt.exe --manifests  -- C:\\PROGRA~1\\MICROS~1\\2022\\COMMUN~1\\VC\\Tools\\MSVC\\1444~1.352\\bin\\Hostx64\\x64\\link.exe /nologo CMakeFiles\\cmTC_d8910.dir\\INT64_SIZE.c.obj  /out:cmTC_d8910.exe /implib:cmTC_d8910.lib /pdb:cmTC_d8910.pdb /version:0.0 /machine:x64  /nologo    /debug /INCREMENTAL /subsystem:console  kernel32.lib user32.lib gdi32.lib winspool.lib shell32.lib ole32.lib oleaut32.lib uuid.lib comdlg32.lib advapi32.lib && cd ."
        
      exitCode: 0
  -
    kind: "try_compile-v1"
    backtrace:
      - "C:/Program Files/Microsoft Visual Studio/2022/Community/Common7/IDE/CommonExtensions/Microsoft/CMake/CMake/share/cmake-3.31/Modules/CheckTypeSize.cmake:156 (try_compile)"
      - "C:/Program Files/Microsoft Visual Studio/2022/Community/Common7/IDE/CommonExtensions/Microsoft/CMake/CMake/share/cmake-3.31/Modules/CheckTypeSize.cmake:283 (__check_type_size_impl)"
      - "cmake/CheckSizes.cmake:10 (check_type_size)"
      - "CMakeLists.txt:69 (include)"
    checks:
      - "Check size of short"
    directories:
      source: "C:/Users/bahar/Programming/.cpp/Projects/Ping Pong/vcpkg_installed/vcpkg/blds/libogg/x64-windows-dbg/CMakeFiles/CMakeScratch/TryCompile-purshx"
      binary: "C:/Users/bahar/Programming/.cpp/Projects/Ping Pong/vcpkg_installed/vcpkg/blds/libogg/x64-windows-dbg/CMakeFiles/CMakeScratch/TryCompile-purshx"
    cmakeVariables:
      CMAKE_C_FLAGS: " /nologo /DWIN32 /D_WINDOWS /utf-8 /MP "
      CMAKE_MODULE_PATH: "C:/Users/bahar/Programming/.cpp/Projects/Ping Pong/vcpkg_installed/vcpkg/blds/libogg/src/v1.3.5-1a4243fef9.clean/cmake"
      CMAKE_MSVC_DEBUG_INFORMATION_FORMAT: ""
      CMAKE_MSVC_RUNTIME_LIBRARY: "MultiThreaded$<$<CONFIG:Debug>:Debug>$<$<STREQUAL:dynamic,dynamic>:DLL>"
      VCPKG_CHAINLOAD_TOOLCHAIN_FILE: "C:/Program Files/Microsoft Visual Studio/2022/Community/VC/vcpkg/scripts/toolchains/windows.cmake"
      VCPKG_CRT_LINKAGE: "dynamic"
      VCPKG_CXX_FLAGS: ""
      VCPKG_CXX_FLAGS_DEBUG: ""
      VCPKG_CXX_FLAGS_RELEASE: ""
      VCPKG_C_FLAGS: ""
      VCPKG_C_FLAGS_DEBUG: ""
      VCPKG_C_FLAGS_RELEASE: ""
      VCPKG_INSTALLED_DIR: "C:/Users/bahar/Programming/.cpp/Projects/Ping Pong/vcpkg_installed"
      VCPKG_LINKER_FLAGS: ""
      VCPKG_LINKER_FLAGS_DEBUG: ""
      VCPKG_LINKER_FLAGS_RELEASE: ""
      VCPKG_PLATFORM_TOOLSET: "v143"
      VCPKG_PREFER_SYSTEM_LIBS: "OFF"
      VCPKG_SET_CHARSET_FLAG: "ON"
      VCPKG_TARGET_ARCHITECTURE: "x64"
      VCPKG_TARGET_TRIPLET: "x64-windows"
      Z_VCPKG_ROOT_DIR: "C:/Program Files/Microsoft Visual Studio/2022/Community/VC/vcpkg"
    buildResult:
      variable: "HAVE_SHORT_SIZE"
      cached: true
      stdout: |
        Change Dir: 'C:/Users/bahar/Programming/.cpp/Projects/Ping Pong/vcpkg_installed/vcpkg/blds/libogg/x64-windows-dbg/CMakeFiles/CMakeScratch/TryCompile-purshx'
        
        Run Build Command(s): "C:/Program Files/Microsoft Visual Studio/2022/Community/Common7/IDE/CommonExtensions/Microsoft/CMake/Ninja/ninja.exe" -v cmTC_16bc9
        [1/2] C:\\PROGRA~1\\MICROS~1\\2022\\COMMUN~1\\VC\\Tools\\MSVC\\1444~1.352\\bin\\Hostx64\\x64\\cl.exe  /nologo   /nologo /DWIN32 /D_WINDOWS /utf-8 /MP   /MDd /Z7 /Ob0 /Od /RTC1 /showIncludes /FoCMakeFiles\\cmTC_16bc9.dir\\SHORT_SIZE.c.obj /FdCMakeFiles\\cmTC_16bc9.dir\\ /FS -c "C:\\Users\\bahar\\Programming\\.cpp\\Projects\\Ping Pong\\vcpkg_installed\\vcpkg\\blds\\libogg\\x64-windows-dbg\\CMakeFiles\\CMakeScratch\\TryCompile-purshx\\SHORT_SIZE.c"
        [2/2] C:\\WINDOWS\\system32\\cmd.exe /C "cd . && "C:\\Program Files\\Microsoft Visual Studio\\2022\\Community\\Common7\\IDE\\CommonExtensions\\Microsoft\\CMake\\CMake\\bin\\cmake.exe" -E vs_link_exe --msvc-ver=1944 --intdir=CMakeFiles\\cmTC_16bc9.dir --rc=C:\\PROGRA~2\\WI3CF2~1\\10\\bin\\100261~1.0\\x64\\rc.exe --mt=C:\\PROGRA~2\\WI3CF2~1\\10\\bin\\100261~1.0\\x64\\mt.exe --manifests  -- C:\\PROGRA~1\\MICROS~1\\2022\\COMMUN~1\\VC\\Tools\\MSVC\\1444~1.352\\bin\\Hostx64\\x64\\link.exe /nologo CMakeFiles\\cmTC_16bc9.dir\\SHORT_SIZE.c.obj  /out:cmTC_16bc9.exe /implib:cmTC_16bc9.lib /pdb:cmTC_16bc9.pdb /version:0.0 /machine:x64  /nologo    /debug /INCREMENTAL /subsystem:console  kernel32.lib user32.lib gdi32.lib winspool.lib shell32.lib ole32.lib oleaut32.lib uuid.lib comdlg32.lib advapi32.lib && cd ."
        
      exitCode: 0
  -
    kind: "try_compile-v1"
    backtrace:
      - "C:/Program Files/Microsoft Visual Studio/2022/Community/Common7/IDE/CommonExtensions/Microsoft/CMake/CMake/share/cmake-3.31/Modules/CheckTypeSize.cmake:156 (try_compile)"
      - "C:/Program Files/Microsoft Visual Studio/2022/Community/Common7/IDE/CommonExtensions/Microsoft/CMake/CMake/share/cmake-3.31/Modules/CheckTypeSize.cmake:283 (__check_type_size_impl)"
      - "cmake/CheckSizes.cmake:11 (check_type_size)"
      - "CMakeLists.txt:69 (include)"
    checks:
      - "Check size of int"
    directories:
      source: "C:/Users/bahar/Programming/.cpp/Projects/Ping Pong/vcpkg_installed/vcpkg/blds/libogg/x64-windows-dbg/CMakeFiles/CMakeScratch/TryCompile-n1ry0o"
      binary: "C:/Users/bahar/Programming/.cpp/Projects/Ping Pong/vcpkg_installed/vcpkg/blds/libogg/x64-windows-dbg/CMakeFiles/CMakeScratch/TryCompile-n1ry0o"
    cmakeVariables:
      CMAKE_C_FLAGS: " /nologo /DWIN32 /D_WINDOWS /utf-8 /MP "
      CMAKE_MODULE_PATH: "C:/Users/bahar/Programming/.cpp/Projects/Ping Pong/vcpkg_installed/vcpkg/blds/libogg/src/v1.3.5-1a4243fef9.clean/cmake"
      CMAKE_MSVC_DEBUG_INFORMATION_FORMAT: ""
      CMAKE_MSVC_RUNTIME_LIBRARY: "MultiThreaded$<$<CONFIG:Debug>:Debug>$<$<STREQUAL:dynamic,dynamic>:DLL>"
      VCPKG_CHAINLOAD_TOOLCHAIN_FILE: "C:/Program Files/Microsoft Visual Studio/2022/Community/VC/vcpkg/scripts/toolchains/windows.cmake"
      VCPKG_CRT_LINKAGE: "dynamic"
      VCPKG_CXX_FLAGS: ""
      VCPKG_CXX_FLAGS_DEBUG: ""
      VCPKG_CXX_FLAGS_RELEASE: ""
      VCPKG_C_FLAGS: ""
      VCPKG_C_FLAGS_DEBUG: ""
      VCPKG_C_FLAGS_RELEASE: ""
      VCPKG_INSTALLED_DIR: "C:/Users/bahar/Programming/.cpp/Projects/Ping Pong/vcpkg_installed"
      VCPKG_LINKER_FLAGS: ""
      VCPKG_LINKER_FLAGS_DEBUG: ""
      VCPKG_LINKER_FLAGS_RELEASE: ""
      VCPKG_PLATFORM_TOOLSET: "v143"
      VCPKG_PREFER_SYSTEM_LIBS: "OFF"
      VCPKG_SET_CHARSET_FLAG: "ON"
      VCPKG_TARGET_ARCHITECTURE: "x64"
      VCPKG_TARGET_TRIPLET: "x64-windows"
      Z_VCPKG_ROOT_DIR: "C:/Program Files/Microsoft Visual Studio/2022/Community/VC/vcpkg"
    buildResult:
      variable: "HAVE_INT_SIZE"
      cached: true
      stdout: |
        Change Dir: 'C:/Users/bahar/Programming/.cpp/Projects/Ping Pong/vcpkg_installed/vcpkg/blds/libogg/x64-windows-dbg/CMakeFiles/CMakeScratch/TryCompile-n1ry0o'
        
        Run Build Command(s): "C:/Program Files/Microsoft Visual Studio/2022/Community/Common7/IDE/CommonExtensions/Microsoft/CMake/Ninja/ninja.exe" -v cmTC_4734b
        [1/2] C:\\PROGRA~1\\MICROS~1\\2022\\COMMUN~1\\VC\\Tools\\MSVC\\1444~1.352\\bin\\Hostx64\\x64\\cl.exe  /nologo   /nologo /DWIN32 /D_WINDOWS /utf-8 /MP   /MDd /Z7 /Ob0 /Od /RTC1 /showIncludes /FoCMakeFiles\\cmTC_4734b.dir\\INT_SIZE.c.obj /FdCMakeFiles\\cmTC_4734b.dir\\ /FS -c "C:\\Users\\bahar\\Programming\\.cpp\\Projects\\Ping Pong\\vcpkg_installed\\vcpkg\\blds\\libogg\\x64-windows-dbg\\CMakeFiles\\CMakeScratch\\TryCompile-n1ry0o\\INT_SIZE.c"
        [2/2] C:\\WINDOWS\\system32\\cmd.exe /C "cd . && "C:\\Program Files\\Microsoft Visual Studio\\2022\\Community\\Common7\\IDE\\CommonExtensions\\Microsoft\\CMake\\CMake\\bin\\cmake.exe" -E vs_link_exe --msvc-ver=1944 --intdir=CMakeFiles\\cmTC_4734b.dir --rc=C:\\PROGRA~2\\WI3CF2~1\\10\\bin\\100261~1.0\\x64\\rc.exe --mt=C:\\PROGRA~2\\WI3CF2~1\\10\\bin\\100261~1.0\\x64\\mt.exe --manifests  -- C:\\PROGRA~1\\MICROS~1\\2022\\COMMUN~1\\VC\\Tools\\MSVC\\1444~1.352\\bin\\Hostx64\\x64\\link.exe /nologo CMakeFiles\\cmTC_4734b.dir\\INT_SIZE.c.obj  /out:cmTC_4734b.exe /implib:cmTC_4734b.lib /pdb:cmTC_4734b.pdb /version:0.0 /machine:x64  /nologo    /debug /INCREMENTAL /subsystem:console  kernel32.lib user32.lib gdi32.lib winspool.lib shell32.lib ole32.lib oleaut32.lib uuid.lib comdlg32.lib advapi32.lib && cd ."
        
      exitCode: 0
  -
    kind: "try_compile-v1"
    backtrace:
      - "C:/Program Files/Microsoft Visual Studio/2022/Community/Common7/IDE/CommonExtensions/Microsoft/CMake/CMake/share/cmake-3.31/Modules/CheckTypeSize.cmake:156 (try_compile)"
      - "C:/Program Files/Microsoft Visual Studio/2022/Community/Common7/IDE/CommonExtensions/Microsoft/CMake/CMake/share/cmake-3.31/Modules/CheckTypeSize.cmake:283 (__check_type_size_impl)"
      - "cmake/CheckSizes.cmake:12 (check_type_size)"
      - "CMakeLists.txt:69 (include)"
    checks:
      - "Check size of long"
    directories:
      source: "C:/Users/bahar/Programming/.cpp/Projects/Ping Pong/vcpkg_installed/vcpkg/blds/libogg/x64-windows-dbg/CMakeFiles/CMakeScratch/TryCompile-7rr4py"
      binary: "C:/Users/bahar/Programming/.cpp/Projects/Ping Pong/vcpkg_installed/vcpkg/blds/libogg/x64-windows-dbg/CMakeFiles/CMakeScratch/TryCompile-7rr4py"
    cmakeVariables:
      CMAKE_C_FLAGS: " /nologo /DWIN32 /D_WINDOWS /utf-8 /MP "
      CMAKE_MODULE_PATH: "C:/Users/bahar/Programming/.cpp/Projects/Ping Pong/vcpkg_installed/vcpkg/blds/libogg/src/v1.3.5-1a4243fef9.clean/cmake"
      CMAKE_MSVC_DEBUG_INFORMATION_FORMAT: ""
      CMAKE_MSVC_RUNTIME_LIBRARY: "MultiThreaded$<$<CONFIG:Debug>:Debug>$<$<STREQUAL:dynamic,dynamic>:DLL>"
      VCPKG_CHAINLOAD_TOOLCHAIN_FILE: "C:/Program Files/Microsoft Visual Studio/2022/Community/VC/vcpkg/scripts/toolchains/windows.cmake"
      VCPKG_CRT_LINKAGE: "dynamic"
      VCPKG_CXX_FLAGS: ""
      VCPKG_CXX_FLAGS_DEBUG: ""
      VCPKG_CXX_FLAGS_RELEASE: ""
      VCPKG_C_FLAGS: ""
      VCPKG_C_FLAGS_DEBUG: ""
      VCPKG_C_FLAGS_RELEASE: ""
      VCPKG_INSTALLED_DIR: "C:/Users/bahar/Programming/.cpp/Projects/Ping Pong/vcpkg_installed"
      VCPKG_LINKER_FLAGS: ""
      VCPKG_LINKER_FLAGS_DEBUG: ""
      VCPKG_LINKER_FLAGS_RELEASE: ""
      VCPKG_PLATFORM_TOOLSET: "v143"
      VCPKG_PREFER_SYSTEM_LIBS: "OFF"
      VCPKG_SET_CHARSET_FLAG: "ON"
      VCPKG_TARGET_ARCHITECTURE: "x64"
      VCPKG_TARGET_TRIPLET: "x64-windows"
      Z_VCPKG_ROOT_DIR: "C:/Program Files/Microsoft Visual Studio/2022/Community/VC/vcpkg"
    buildResult:
      variable: "HAVE_LONG_SIZE"
      cached: true
      stdout: |
        Change Dir: 'C:/Users/bahar/Programming/.cpp/Projects/Ping Pong/vcpkg_installed/vcpkg/blds/libogg/x64-windows-dbg/CMakeFiles/CMakeScratch/TryCompile-7rr4py'
        
        Run Build Command(s): "C:/Program Files/Microsoft Visual Studio/2022/Community/Common7/IDE/CommonExtensions/Microsoft/CMake/Ninja/ninja.exe" -v cmTC_a302b
        [1/2] C:\\PROGRA~1\\MICROS~1\\2022\\COMMUN~1\\VC\\Tools\\MSVC\\1444~1.352\\bin\\Hostx64\\x64\\cl.exe  /nologo   /nologo /DWIN32 /D_WINDOWS /utf-8 /MP   /MDd /Z7 /Ob0 /Od /RTC1 /showIncludes /FoCMakeFiles\\cmTC_a302b.dir\\LONG_SIZE.c.obj /FdCMakeFiles\\cmTC_a302b.dir\\ /FS -c "C:\\Users\\bahar\\Programming\\.cpp\\Projects\\Ping Pong\\vcpkg_installed\\vcpkg\\blds\\libogg\\x64-windows-dbg\\CMakeFiles\\CMakeScratch\\TryCompile-7rr4py\\LONG_SIZE.c"
        [2/2] C:\\WINDOWS\\system32\\cmd.exe /C "cd . && "C:\\Program Files\\Microsoft Visual Studio\\2022\\Community\\Common7\\IDE\\CommonExtensions\\Microsoft\\CMake\\CMake\\bin\\cmake.exe" -E vs_link_exe --msvc-ver=1944 --intdir=CMakeFiles\\cmTC_a302b.dir --rc=C:\\PROGRA~2\\WI3CF2~1\\10\\bin\\100261~1.0\\x64\\rc.exe --mt=C:\\PROGRA~2\\WI3CF2~1\\10\\bin\\100261~1.0\\x64\\mt.exe --manifests  -- C:\\PROGRA~1\\MICROS~1\\2022\\COMMUN~1\\VC\\Tools\\MSVC\\1444~1.352\\bin\\Hostx64\\x64\\link.exe /nologo CMakeFiles\\cmTC_a302b.dir\\LONG_SIZE.c.obj  /out:cmTC_a302b.exe /implib:cmTC_a302b.lib /pdb:cmTC_a302b.pdb /version:0.0 /machine:x64  /nologo    /debug /INCREMENTAL /subsystem:console  kernel32.lib user32.lib gdi32.lib winspool.lib shell32.lib ole32.lib oleaut32.lib uuid.lib comdlg32.lib advapi32.lib && cd ."
        
      exitCode: 0
  -
    kind: "try_compile-v1"
    backtrace:
      - "C:/Program Files/Microsoft Visual Studio/2022/Community/Common7/IDE/CommonExtensions/Microsoft/CMake/CMake/share/cmake-3.31/Modules/CheckTypeSize.cmake:156 (try_compile)"
      - "C:/Program Files/Microsoft Visual Studio/2022/Community/Common7/IDE/CommonExtensions/Microsoft/CMake/CMake/share/cmake-3.31/Modules/CheckTypeSize.cmake:283 (__check_type_size_impl)"
      - "cmake/CheckSizes.cmake:13 (check_type_size)"
      - "CMakeLists.txt:69 (include)"
    checks:
      - "Check size of long long"
    directories:
      source: "C:/Users/bahar/Programming/.cpp/Projects/Ping Pong/vcpkg_installed/vcpkg/blds/libogg/x64-windows-dbg/CMakeFiles/CMakeScratch/TryCompile-e54d7x"
      binary: "C:/Users/bahar/Programming/.cpp/Projects/Ping Pong/vcpkg_installed/vcpkg/blds/libogg/x64-windows-dbg/CMakeFiles/CMakeScratch/TryCompile-e54d7x"
    cmakeVariables:
      CMAKE_C_FLAGS: " /nologo /DWIN32 /D_WINDOWS /utf-8 /MP "
      CMAKE_MODULE_PATH: "C:/Users/bahar/Programming/.cpp/Projects/Ping Pong/vcpkg_installed/vcpkg/blds/libogg/src/v1.3.5-1a4243fef9.clean/cmake"
      CMAKE_MSVC_DEBUG_INFORMATION_FORMAT: ""
      CMAKE_MSVC_RUNTIME_LIBRARY: "MultiThreaded$<$<CONFIG:Debug>:Debug>$<$<STREQUAL:dynamic,dynamic>:DLL>"
      VCPKG_CHAINLOAD_TOOLCHAIN_FILE: "C:/Program Files/Microsoft Visual Studio/2022/Community/VC/vcpkg/scripts/toolchains/windows.cmake"
      VCPKG_CRT_LINKAGE: "dynamic"
      VCPKG_CXX_FLAGS: ""
      VCPKG_CXX_FLAGS_DEBUG: ""
      VCPKG_CXX_FLAGS_RELEASE: ""
      VCPKG_C_FLAGS: ""
      VCPKG_C_FLAGS_DEBUG: ""
      VCPKG_C_FLAGS_RELEASE: ""
      VCPKG_INSTALLED_DIR: "C:/Users/bahar/Programming/.cpp/Projects/Ping Pong/vcpkg_installed"
      VCPKG_LINKER_FLAGS: ""
      VCPKG_LINKER_FLAGS_DEBUG: ""
      VCPKG_LINKER_FLAGS_RELEASE: ""
      VCPKG_PLATFORM_TOOLSET: "v143"
      VCPKG_PREFER_SYSTEM_LIBS: "OFF"
      VCPKG_SET_CHARSET_FLAG: "ON"
      VCPKG_TARGET_ARCHITECTURE: "x64"
      VCPKG_TARGET_TRIPLET: "x64-windows"
      Z_VCPKG_ROOT_DIR: "C:/Program Files/Microsoft Visual Studio/2022/Community/VC/vcpkg"
    buildResult:
      variable: "HAVE_LONG_LONG_SIZE"
      cached: true
      stdout: |
        Change Dir: 'C:/Users/bahar/Programming/.cpp/Projects/Ping Pong/vcpkg_installed/vcpkg/blds/libogg/x64-windows-dbg/CMakeFiles/CMakeScratch/TryCompile-e54d7x'
        
        Run Build Command(s): "C:/Program Files/Microsoft Visual Studio/2022/Community/Common7/IDE/CommonExtensions/Microsoft/CMake/Ninja/ninja.exe" -v cmTC_09731
        [1/2] C:\\PROGRA~1\\MICROS~1\\2022\\COMMUN~1\\VC\\Tools\\MSVC\\1444~1.352\\bin\\Hostx64\\x64\\cl.exe  /nologo   /nologo /DWIN32 /D_WINDOWS /utf-8 /MP   /MDd /Z7 /Ob0 /Od /RTC1 /showIncludes /FoCMakeFiles\\cmTC_09731.dir\\LONG_LONG_SIZE.c.obj /FdCMakeFiles\\cmTC_09731.dir\\ /FS -c "C:\\Users\\bahar\\Programming\\.cpp\\Projects\\Ping Pong\\vcpkg_installed\\vcpkg\\blds\\libogg\\x64-windows-dbg\\CMakeFiles\\CMakeScratch\\TryCompile-e54d7x\\LONG_LONG_SIZE.c"
        [2/2] C:\\WINDOWS\\system32\\cmd.exe /C "cd . && "C:\\Program Files\\Microsoft Visual Studio\\2022\\Community\\Common7\\IDE\\CommonExtensions\\Microsoft\\CMake\\CMake\\bin\\cmake.exe" -E vs_link_exe --msvc-ver=1944 --intdir=CMakeFiles\\cmTC_09731.dir --rc=C:\\PROGRA~2\\WI3CF2~1\\10\\bin\\100261~1.0\\x64\\rc.exe --mt=C:\\PROGRA~2\\WI3CF2~1\\10\\bin\\100261~1.0\\x64\\mt.exe --manifests  -- C:\\PROGRA~1\\MICROS~1\\2022\\COMMUN~1\\VC\\Tools\\MSVC\\1444~1.352\\bin\\Hostx64\\x64\\link.exe /nologo CMakeFiles\\cmTC_09731.dir\\LONG_LONG_SIZE.c.obj  /out:cmTC_09731.exe /implib:cmTC_09731.lib /pdb:cmTC_09731.pdb /version:0.0 /machine:x64  /nologo    /debug /INCREMENTAL /subsystem:console  kernel32.lib user32.lib gdi32.lib winspool.lib shell32.lib ole32.lib oleaut32.lib uuid.lib comdlg32.lib advapi32.lib && cd ."
        
      exitCode: 0
...
