Downloading https://github.com/google/brotli/archive/v1.1.0.tar.gz -> google-brotli-v1.1.0.tar.gz
Successfully downloaded google-brotli-v1.1.0.tar.gz
-- Extracting source C:/Users/bahar/AppData/Local/vcpkg/downloads/google-brotli-v1.1.0.tar.gz
-- Applying patch install.patch
-- Applying patch fix-arm-uwp.patch
-- Applying patch pkgconfig.patch
-- Applying patch emscripten.patch
-- Using source at C:/Users/bahar/Programming/.cpp/Projects/Ping Pong/vcpkg_installed/vcpkg/blds/brotli/src/v1.1.0-958bece74c.clean
-- Found external ninja('1.12.1').
-- Configuring x64-windows
-- Building x64-windows-dbg
-- Building x64-windows-rel
-- Fixing pkgconfig file: C:/Users/bahar/Programming/.cpp/Projects/Ping Pong/vcpkg_installed/vcpkg/pkgs/brotli_x64-windows/lib/pkgconfig/libbrotlicommon.pc
-- Fixing pkgconfig file: C:/Users/bahar/Programming/.cpp/Projects/Ping Pong/vcpkg_installed/vcpkg/pkgs/brotli_x64-windows/lib/pkgconfig/libbrotlidec.pc
-- Fixing pkgconfig file: C:/Users/bahar/Programming/.cpp/Projects/Ping Pong/vcpkg_installed/vcpkg/pkgs/brotli_x64-windows/lib/pkgconfig/libbrotlienc.pc
-- Using cached msys2-mingw-w64-x86_64-pkgconf-1~2.3.0-1-any.pkg.tar.zst
-- Using cached msys2-msys2-runtime-3.5.4-2-x86_64.pkg.tar.zst
-- Using msys root at C:/Users/bahar/AppData/Local/vcpkg/downloads/tools/msys2/21caed2f81ec917b
-- Fixing pkgconfig file: C:/Users/bahar/Programming/.cpp/Projects/Ping Pong/vcpkg_installed/vcpkg/pkgs/brotli_x64-windows/debug/lib/pkgconfig/libbrotlicommon.pc
-- Fixing pkgconfig file: C:/Users/bahar/Programming/.cpp/Projects/Ping Pong/vcpkg_installed/vcpkg/pkgs/brotli_x64-windows/debug/lib/pkgconfig/libbrotlidec.pc
-- Fixing pkgconfig file: C:/Users/bahar/Programming/.cpp/Projects/Ping Pong/vcpkg_installed/vcpkg/pkgs/brotli_x64-windows/debug/lib/pkgconfig/libbrotlienc.pc
-- Installing: C:/Users/bahar/Programming/.cpp/Projects/Ping Pong/vcpkg_installed/vcpkg/pkgs/brotli_x64-windows/share/brotli/usage
-- Installing: C:/Users/bahar/Programming/.cpp/Projects/Ping Pong/vcpkg_installed/vcpkg/pkgs/brotli_x64-windows/share/brotli/copyright
-- Выполнение проверки после сборки
