e:\programming\.cpp\projects\ping-pong-2\ping-pong-2\x64\release\vc145.pdb
e:\programming\.cpp\projects\ping-pong-2\ping-pong-2\x64\release\settingswindowlogic.obj
e:\programming\.cpp\projects\ping-pong-2\ping-pong-2\x64\release\gameoverlogic.obj
e:\programming\.cpp\projects\ping-pong-2\ping-pong-2\x64\release\ping-pong-2.obj
e:\programming\.cpp\projects\ping-pong-2\ping-pong-2\x64\release\levelsmap.obj
e:\programming\.cpp\projects\ping-pong-2\ping-pong-2\x64\release\json.obj
e:\programming\.cpp\projects\ping-pong-2\ping-pong-2\x64\release\gamelogicenums.obj
e:\programming\.cpp\projects\ping-pong-2\ping-pong-2\x64\release\functions.obj
e:\programming\.cpp\projects\ping-pong-2\ping-pong-2\x64\release\workwithaudio.obj
e:\programming\.cpp\projects\ping-pong-2\x64\release\ping-pong-2.exe
e:\programming\.cpp\projects\ping-pong-2\x64\release\ping-pong-2.pdb
e:\programming\.cpp\projects\ping-pong-2\x64\release\raylib.dll
e:\programming\.cpp\projects\ping-pong-2\x64\release\glfw3.dll
e:\programming\.cpp\projects\ping-pong-2\ping-pong-2\x64\release\ping-pong-2.res
e:\programming\.cpp\projects\ping-pong-2\ping-pong-2\x64\release\ping-pong-2.ipdb
e:\programming\.cpp\projects\ping-pong-2\ping-pong-2\x64\release\ping-pong-2.iobj
e:\programming\.cpp\projects\ping-pong-2\ping-pong-2\x64\release\ping-pong-2.tlog\cl.command.1.tlog
e:\programming\.cpp\projects\ping-pong-2\ping-pong-2\x64\release\ping-pong-2.tlog\cl.items.tlog
e:\programming\.cpp\projects\ping-pong-2\ping-pong-2\x64\release\ping-pong-2.tlog\cl.read.1.tlog
e:\programming\.cpp\projects\ping-pong-2\ping-pong-2\x64\release\ping-pong-2.tlog\cl.write.1.tlog
e:\programming\.cpp\projects\ping-pong-2\ping-pong-2\x64\release\ping-pong-2.tlog\link.command.1.tlog
e:\programming\.cpp\projects\ping-pong-2\ping-pong-2\x64\release\ping-pong-2.tlog\link.read.1.tlog
e:\programming\.cpp\projects\ping-pong-2\ping-pong-2\x64\release\ping-pong-2.tlog\link.secondary.1.tlog
e:\programming\.cpp\projects\ping-pong-2\ping-pong-2\x64\release\ping-pong-2.tlog\link.write.1.tlog
e:\programming\.cpp\projects\ping-pong-2\ping-pong-2\x64\release\ping-pong-2.tlog\ping-pong-2.write.1u.tlog
e:\programming\.cpp\projects\ping-pong-2\ping-pong-2\x64\release\ping-pong-2.tlog\rc.command.1.tlog
e:\programming\.cpp\projects\ping-pong-2\ping-pong-2\x64\release\ping-pong-2.tlog\rc.read.1.tlog
e:\programming\.cpp\projects\ping-pong-2\ping-pong-2\x64\release\ping-pong-2.tlog\rc.write.1.tlog
