c:\users\bahar\programming\.cpp\projects\ping pong\ping pong\x64\release\vc143.pdb
c:\users\bahar\programming\.cpp\projects\ping pong\ping pong\x64\release\settingswindowlogic.obj
c:\users\bahar\programming\.cpp\projects\ping pong\ping pong\x64\release\gameoverlogic.obj
c:\users\bahar\programming\.cpp\projects\ping pong\ping pong\x64\release\ping pong.obj
c:\users\bahar\programming\.cpp\projects\ping pong\ping pong\x64\release\levelsmap.obj
c:\users\bahar\programming\.cpp\projects\ping pong\ping pong\x64\release\json.obj
c:\users\bahar\programming\.cpp\projects\ping pong\ping pong\x64\release\gamelogicenums.obj
c:\users\bahar\programming\.cpp\projects\ping pong\ping pong\x64\release\functions.obj
c:\users\bahar\programming\.cpp\projects\ping pong\ping pong\x64\release\workwithaudio.obj
c:\users\bahar\programming\.cpp\projects\ping pong\x64\release\ping pong.exe
c:\users\bahar\programming\.cpp\projects\ping pong\x64\release\ping pong.pdb
c:\users\bahar\programming\.cpp\projects\ping pong\x64\release\raylib.dll
c:\users\bahar\programming\.cpp\projects\ping pong\x64\release\glfw3.dll
c:\users\bahar\programming\.cpp\projects\ping pong\x64\release\sfml-audio-3.dll
c:\users\bahar\programming\.cpp\projects\ping pong\x64\release\sfml-system-3.dll
c:\users\bahar\programming\.cpp\projects\ping pong\x64\release\vorbis.dll
c:\users\bahar\programming\.cpp\projects\ping pong\x64\release\ogg.dll
c:\users\bahar\programming\.cpp\projects\ping pong\x64\release\vorbisfile.dll
c:\users\bahar\programming\.cpp\projects\ping pong\x64\release\vorbisenc.dll
c:\users\bahar\programming\.cpp\projects\ping pong\x64\release\flac.dll
c:\users\bahar\programming\.cpp\projects\ping pong\ping pong\x64\release\resource.res
c:\users\bahar\programming\.cpp\projects\ping pong\ping pong\x64\release\ping pong.ipdb
c:\users\bahar\programming\.cpp\projects\ping pong\ping pong\x64\release\ping pong.iobj
c:\users\bahar\programming\.cpp\projects\ping pong\ping pong\x64\release\ping pong.tlog\cl.command.1.tlog
c:\users\bahar\programming\.cpp\projects\ping pong\ping pong\x64\release\ping pong.tlog\cl.items.tlog
c:\users\bahar\programming\.cpp\projects\ping pong\ping pong\x64\release\ping pong.tlog\cl.read.1.tlog
c:\users\bahar\programming\.cpp\projects\ping pong\ping pong\x64\release\ping pong.tlog\cl.write.1.tlog
c:\users\bahar\programming\.cpp\projects\ping pong\ping pong\x64\release\ping pong.tlog\link.command.1.tlog
c:\users\bahar\programming\.cpp\projects\ping pong\ping pong\x64\release\ping pong.tlog\link.read.1.tlog
c:\users\bahar\programming\.cpp\projects\ping pong\ping pong\x64\release\ping pong.tlog\link.secondary.1.tlog
c:\users\bahar\programming\.cpp\projects\ping pong\ping pong\x64\release\ping pong.tlog\link.write.1.tlog
c:\users\bahar\programming\.cpp\projects\ping pong\ping pong\x64\release\ping pong.tlog\ping pong.write.1u.tlog
c:\users\bahar\programming\.cpp\projects\ping pong\ping pong\x64\release\ping pong.tlog\rc.command.1.tlog
c:\users\bahar\programming\.cpp\projects\ping pong\ping pong\x64\release\ping pong.tlog\rc.read.1.tlog
c:\users\bahar\programming\.cpp\projects\ping pong\ping pong\x64\release\ping pong.tlog\rc.write.1.tlog
